Component: ARM Compiler 5.06 update 6 (build 750) Tool: armlink [4d35ed]

==============================================================================

Section Cross References

    startup_stm32f40_41xxx.o(STACK) refers (Special) to heapauxi.o(.text) for __use_two_region_memory
    startup_stm32f40_41xxx.o(HEAP) refers (Special) to heapauxi.o(.text) for __use_two_region_memory
    startup_stm32f40_41xxx.o(RESET) refers (Special) to heapauxi.o(.text) for __use_two_region_memory
    startup_stm32f40_41xxx.o(RESET) refers to startup_stm32f40_41xxx.o(STACK) for __initial_sp
    startup_stm32f40_41xxx.o(RESET) refers to startup_stm32f40_41xxx.o(.text) for Reset_Handler
    startup_stm32f40_41xxx.o(RESET) refers to stm32f4xx_it.o(i.NMI_Handler) for NMI_Handler
    startup_stm32f40_41xxx.o(RESET) refers to stm32f4xx_it.o(i.HardFault_Handler) for HardFault_Handler
    startup_stm32f40_41xxx.o(RESET) refers to stm32f4xx_it.o(i.MemManage_Handler) for MemManage_Handler
    startup_stm32f40_41xxx.o(RESET) refers to stm32f4xx_it.o(i.BusFault_Handler) for BusFault_Handler
    startup_stm32f40_41xxx.o(RESET) refers to stm32f4xx_it.o(i.UsageFault_Handler) for UsageFault_Handler
    startup_stm32f40_41xxx.o(RESET) refers to stm32f4xx_it.o(i.SVC_Handler) for SVC_Handler
    startup_stm32f40_41xxx.o(RESET) refers to stm32f4xx_it.o(i.DebugMon_Handler) for DebugMon_Handler
    startup_stm32f40_41xxx.o(RESET) refers to stm32f4xx_it.o(i.PendSV_Handler) for PendSV_Handler
    startup_stm32f40_41xxx.o(RESET) refers to usart1.o(i.USART1_IRQHandler) for USART1_IRQHandler
    startup_stm32f40_41xxx.o(RESET) refers to usart.o(i.USART2_IRQHandler) for USART2_IRQHandler
    startup_stm32f40_41xxx.o(RESET) refers to timer.o(i.TIM7_IRQHandler) for TIM7_IRQHandler
    startup_stm32f40_41xxx.o(.text) refers (Special) to heapauxi.o(.text) for __use_two_region_memory
    startup_stm32f40_41xxx.o(.text) refers to system_stm32f4xx.o(i.SystemInit) for SystemInit
    startup_stm32f40_41xxx.o(.text) refers to __main.o(!!!main) for __main
    startup_stm32f40_41xxx.o(.text) refers to startup_stm32f40_41xxx.o(HEAP) for Heap_Mem
    startup_stm32f40_41xxx.o(.text) refers to startup_stm32f40_41xxx.o(STACK) for Stack_Mem
    stm32f4xx_rcc.o(i.RCC_GetClocksFreq) refers to stm32f4xx_rcc.o(.data) for APBAHBPrescTable
    stm32f4xx_rcc.o(i.RCC_WaitForHSEStartUp) refers to stm32f4xx_rcc.o(i.RCC_GetFlagStatus) for RCC_GetFlagStatus
    stm32f4xx_gpio.o(i.GPIO_DeInit) refers to stm32f4xx_rcc.o(i.RCC_AHB1PeriphResetCmd) for RCC_AHB1PeriphResetCmd
    stm32f4xx_syscfg.o(i.SYSCFG_DeInit) refers to stm32f4xx_rcc.o(i.RCC_APB2PeriphResetCmd) for RCC_APB2PeriphResetCmd
    stm32f4xx_tim.o(i.TIM_DeInit) refers to stm32f4xx_rcc.o(i.RCC_APB2PeriphResetCmd) for RCC_APB2PeriphResetCmd
    stm32f4xx_tim.o(i.TIM_DeInit) refers to stm32f4xx_rcc.o(i.RCC_APB1PeriphResetCmd) for RCC_APB1PeriphResetCmd
    stm32f4xx_tim.o(i.TIM_ETRClockMode1Config) refers to stm32f4xx_tim.o(i.TIM_ETRConfig) for TIM_ETRConfig
    stm32f4xx_tim.o(i.TIM_ETRClockMode2Config) refers to stm32f4xx_tim.o(i.TIM_ETRConfig) for TIM_ETRConfig
    stm32f4xx_tim.o(i.TIM_ICInit) refers to stm32f4xx_tim.o(i.TI1_Config) for TI1_Config
    stm32f4xx_tim.o(i.TIM_ICInit) refers to stm32f4xx_tim.o(i.TIM_SetIC1Prescaler) for TIM_SetIC1Prescaler
    stm32f4xx_tim.o(i.TIM_ICInit) refers to stm32f4xx_tim.o(i.TI2_Config) for TI2_Config
    stm32f4xx_tim.o(i.TIM_ICInit) refers to stm32f4xx_tim.o(i.TIM_SetIC2Prescaler) for TIM_SetIC2Prescaler
    stm32f4xx_tim.o(i.TIM_ICInit) refers to stm32f4xx_tim.o(i.TI3_Config) for TI3_Config
    stm32f4xx_tim.o(i.TIM_ICInit) refers to stm32f4xx_tim.o(i.TIM_SetIC3Prescaler) for TIM_SetIC3Prescaler
    stm32f4xx_tim.o(i.TIM_ICInit) refers to stm32f4xx_tim.o(i.TI4_Config) for TI4_Config
    stm32f4xx_tim.o(i.TIM_ICInit) refers to stm32f4xx_tim.o(i.TIM_SetIC4Prescaler) for TIM_SetIC4Prescaler
    stm32f4xx_tim.o(i.TIM_ITRxExternalClockConfig) refers to stm32f4xx_tim.o(i.TIM_SelectInputTrigger) for TIM_SelectInputTrigger
    stm32f4xx_tim.o(i.TIM_PWMIConfig) refers to stm32f4xx_tim.o(i.TI1_Config) for TI1_Config
    stm32f4xx_tim.o(i.TIM_PWMIConfig) refers to stm32f4xx_tim.o(i.TIM_SetIC1Prescaler) for TIM_SetIC1Prescaler
    stm32f4xx_tim.o(i.TIM_PWMIConfig) refers to stm32f4xx_tim.o(i.TI2_Config) for TI2_Config
    stm32f4xx_tim.o(i.TIM_PWMIConfig) refers to stm32f4xx_tim.o(i.TIM_SetIC2Prescaler) for TIM_SetIC2Prescaler
    stm32f4xx_tim.o(i.TIM_TIxExternalClockConfig) refers to stm32f4xx_tim.o(i.TI2_Config) for TI2_Config
    stm32f4xx_tim.o(i.TIM_TIxExternalClockConfig) refers to stm32f4xx_tim.o(i.TI1_Config) for TI1_Config
    stm32f4xx_tim.o(i.TIM_TIxExternalClockConfig) refers to stm32f4xx_tim.o(i.TIM_SelectInputTrigger) for TIM_SelectInputTrigger
    stm32f4xx_usart.o(i.USART_DeInit) refers to stm32f4xx_rcc.o(i.RCC_APB2PeriphResetCmd) for RCC_APB2PeriphResetCmd
    stm32f4xx_usart.o(i.USART_DeInit) refers to stm32f4xx_rcc.o(i.RCC_APB1PeriphResetCmd) for RCC_APB1PeriphResetCmd
[...]
    ../clib/libinit.s                        0x00000000   Number         0  libshutdown2.o ABSOLUTE
    ../clib/libinit.s                        0x00000000   Number         0  libshutdown.o ABSOLUTE
    ../clib/libinit.s                        0x00000000   Number         0  libinit.o ABSOLUTE
    ../clib/libinit.s                        0x00000000   Number         0  libinit2.o ABSOLUTE
    ../clib/locale.s                         0x00000000   Number         0  lc_ctype_c.o ABSOLUTE
    ../clib/memcpset.s                       0x00000000   Number         0  rt_memclr.o ABSOLUTE
    ../clib/memcpset.s                       0x00000000   Number         0  strcmpv7m.o ABSOLUTE
    ../clib/memcpset.s                       0x00000000   Number         0  rt_memclr_w.o ABSOLUTE
    ../clib/printf.c                         0x00000000   Number         0  _printf_hex_int.o ABSOLUTE
    ../clib/printf.c                         0x00000000   Number         0  _printf_hex_ll.o ABSOLUTE
    ../clib/printf.c                         0x00000000   Number         0  __printf_flags.o ABSOLUTE
    ../clib/printf.c                         0x00000000   Number         0  _printf_dec.o ABSOLUTE
    ../clib/printf.c                         0x00000000   Number         0  __printf.o ABSOLUTE
    ../clib/printf.c                         0x00000000   Number         0  noretval__2sprintf.o ABSOLUTE
    ../clib/printf.c                         0x00000000   Number         0  __2sprintf.o ABSOLUTE
    ../clib/printf.c                         0x00000000   Number         0  __printf_nopercent.o ABSOLUTE
    ../clib/printf.c                         0x00000000   Number         0  _printf_char_file.o ABSOLUTE
    ../clib/printf.c                         0x00000000   Number         0  _sputc.o ABSOLUTE
    ../clib/printf.c                         0x00000000   Number         0  _printf_char_common.o ABSOLUTE
    ../clib/printf.c                         0x00000000   Number         0  noretval__2printf.o ABSOLUTE
    ../clib/printf.c                         0x00000000   Number         0  _printf_intcommon.o ABSOLUTE
    ../clib/printf.c                         0x00000000   Number         0  __2printf.o ABSOLUTE
    ../clib/printf.c                         0x00000000   Number         0  __printf_flags_ss_wp.o ABSOLUTE
    ../clib/printf.c                         0x00000000   Number         0  __printf_ss_wp.o ABSOLUTE
    ../clib/printf.c                         0x00000000   Number         0  __printf_flags_wp.o ABSOLUTE
    ../clib/printf.c                         0x00000000   Number         0  __printf_wp.o ABSOLUTE
    ../clib/printf.c                         0x00000000   Number         0  __printf_flags_ss.o ABSOLUTE
    ../clib/printf.c                         0x00000000   Number         0  __printf_ss.o ABSOLUTE
    ../clib/printf.c                         0x00000000   Number         0  _printf_hex_int_ll_ptr.o ABSOLUTE
    ../clib/printf.c                         0x00000000   Number         0  _printf_hex_ll_ptr.o ABSOLUTE
    ../clib/printf.c                         0x00000000   Number         0  _printf_hex_int_ptr.o ABSOLUTE
    ../clib/printf.c                         0x00000000   Number         0  _printf_hex_ptr.o ABSOLUTE
    ../clib/printf.c                         0x00000000   Number         0  _printf_hex_int_ll.o ABSOLUTE
    ../clib/printf_percent.s                 0x00000000   Number         0  _printf_d.o ABSOLUTE
    ../clib/printf_percent.s                 0x00000000   Number         0  _printf_x.o ABSOLUTE
    ../clib/printf_percent.s                 0x00000000   Number         0  _printf_percent.o ABSOLUTE
    ../clib/printf_percent.s                 0x00000000   Number         0  _printf_percent_end.o ABSOLUTE
    ../clib/scanf.c                          0x00000000   Number         0  _chval.o ABSOLUTE
    ../clib/scanf.c                          0x00000000   Number         0  _strtoul.o ABSOLUTE
    ../clib/scanf.c                          0x00000000   Number         0  atoi.o ABSOLUTE
    ../clib/scanf.c                          0x00000000   Number         0  strtol.o ABSOLUTE
    ../clib/signal.c                         0x00000000   Number         0  defsig_cppl_inner.o ABSOLUTE
    ../clib/signal.c                         0x00000000   Number         0  defsig_exit.o ABSOLUTE
    ../clib/signal.c                         0x00000000   Number         0  defsig_rtmem_inner.o ABSOLUTE
    ../clib/signal.c                         0x00000000   Number         0  __raise.o ABSOLUTE
    ../clib/signal.c                         0x00000000   Number         0  defsig_general.o ABSOLUTE
    ../clib/signal.c                         0x00000000   Number         0  defsig_abrt_inner.o ABSOLUTE
    ../clib/signal.c                         0x00000000   Number         0  defsig_fpe_inner.o ABSOLUTE
    ../clib/signal.c                         0x00000000   Number         0  defsig_rtred_inner.o ABSOLUTE
    ../clib/signal.c                         0x00000000   Number         0  defsig_stak_inner.o ABSOLUTE
    ../clib/signal.c                         0x00000000   Number         0  defsig_pvfn_inner.o ABSOLUTE
    ../clib/signal.c                         0x00000000   Number         0  defsig_other.o ABSOLUTE
    ../clib/signal.c                         0x00000000   Number         0  defsig_segv_inner.o ABSOLUTE
    ../clib/signal.c                         0x00000000   Number         0  defsig_rtmem_formal.o ABSOLUTE
    ../clib/signal.c                         0x00000000   Number         0  defsig_rtmem_outer.o ABSOLUTE
    ../clib/signal.s                         0x00000000   Number         0  defsig.o ABSOLUTE
    ../clib/stdio.c                          0x00000000   Number         0  ferror.o ABSOLUTE
    ../clib/stdio.c                          0x00000000   Number         0  ferror_locked.o ABSOLUTE
    ../clib/stdlib.c                         0x00000000   Number         0  exit.o ABSOLUTE
    ../clib/string.c                         0x00000000   Number         0  strstr.o ABSOLUTE
    ../clib/string.c                         0x00000000   Number         0  memcmp.o ABSOLUTE
    ../clib/string.c                         0x00000000   Number         0  strcpy.o ABSOLUTE
    ../fplib/fpinit.s                        0x00000000   Number         0  fpinit.o ABSOLUTE
    ..\CMSIS\startup_stm32f40_41xxx.s        0x00000000   Number         0  startup_stm32f40_41xxx.o ABSOLUTE
    ..\DEVICE_LIB\src\misc.c                 0x00000000   Number         0  misc.o ABSOLUTE
    ..\DEVICE_LIB\src\stm32f4xx_adc.c        0x00000000   Number         0  stm32f4xx_adc.o ABSOLUTE
    ..\DEVICE_LIB\src\stm32f4xx_exti.c       0x00000000   Number         0  stm32f4xx_exti.o ABSOLUTE
    ..\DEVICE_LIB\src\stm32f4xx_gpio.c       0x00000000   Number         0  stm32f4xx_gpio.o ABSOLUTE
    ..\DEVICE_LIB\src\stm32f4xx_iwdg.c       0x00000000   Number         0  stm32f4xx_iwdg.o ABSOLUTE
    ..\DEVICE_LIB\src\stm32f4xx_rcc.c        0x00000000   Number         0  stm32f4xx_rcc.o ABSOLUTE
    ..\DEVICE_LIB\src\stm32f4xx_syscfg.c     0x00000000   Number         0  stm32f4xx_syscfg.o ABSOLUTE
    ..\DEVICE_LIB\src\stm32f4xx_tim.c        0x00000000   Number         0  stm32f4xx_tim.o ABSOLUTE
    ..\DEVICE_LIB\src\stm32f4xx_usart.c      0x00000000   Number         0  stm32f4xx_usart.o ABSOLUTE
    ..\HARDWARE\AS608\AS608.c                0x00000000   Number         0  as608.o ABSOLUTE
    ..\HARDWARE\BEEP\beep.c                  0x00000000   Number         0  beep.o ABSOLUTE
    ..\HARDWARE\Key\key.c                    0x00000000   Number         0  key.o ABSOLUTE
    ..\HARDWARE\LED\led.c                    0x00000000   Number         0  led.o ABSOLUTE
    ..\HARDWARE\OLED\oled.c                  0x00000000   Number         0  oled.o ABSOLUTE
    ..\HARDWARE\Relay\Relay.c                0x00000000   Number         0  relay.o ABSOLUTE
    ..\HARDWARE\TIMER\timer.c                0x00000000   Number         0  timer.o ABSOLUTE
    ..\HARDWARE\USART\usart.c                0x00000000   Number         0  usart.o ABSOLUTE
    ..\HARDWARE\printf\printf.c              0x00000000   Number         0  printf.o ABSOLUTE
    ..\HARDWARE\usart1\usart1.c              0x00000000   Number         0  usart1.o ABSOLUTE
    ..\SYSTEM\system_stm32f4xx.c             0x00000000   Number         0  system_stm32f4xx.o ABSOLUTE
    ..\\DEVICE_LIB\\src\\misc.c              0x00000000   Number         0  misc.o ABSOLUTE
    ..\\DEVICE_LIB\\src\\stm32f4xx_adc.c     0x00000000   Number         0  stm32f4xx_adc.o ABSOLUTE
    ..\\DEVICE_LIB\\src\\stm32f4xx_exti.c    0x00000000   Number         0  stm32f4xx_exti.o ABSOLUTE
    ..\\DEVICE_LIB\\src\\stm32f4xx_gpio.c    0x00000000   Number         0  stm32f4xx_gpio.o ABSOLUTE
    ..\\DEVICE_LIB\\src\\stm32f4xx_iwdg.c    0x00000000   Number         0  stm32f4xx_iwdg.o ABSOLUTE
    ..\\DEVICE_LIB\\src\\stm32f4xx_rcc.c     0x00000000   Number         0  stm32f4xx_rcc.o ABSOLUTE
    ..\\DEVICE_LIB\\src\\stm32f4xx_syscfg.c  0x00000000   Number         0  stm32f4xx_syscfg.o ABSOLUTE
    ..\\DEVICE_LIB\\src\\stm32f4xx_tim.c     0x00000000   Number         0  stm32f4xx_tim.o ABSOLUTE
    ..\\DEVICE_LIB\\src\\stm32f4xx_usart.c   0x00000000   Number         0  stm32f4xx_usart.o ABSOLUTE
    ..\\HARDWARE\\AS608\\AS608.c             0x00000000   Number         0  as608.o ABSOLUTE
    ..\\HARDWARE\\BEEP\\beep.c               0x00000000   Number         0  beep.o ABSOLUTE
    ..\\HARDWARE\\Key\\key.c                 0x00000000   Number         0  key.o ABSOLUTE
    ..\\HARDWARE\\LED\\led.c                 0x00000000   Number         0  led.o ABSOLUTE
    ..\\HARDWARE\\OLED\\oled.c               0x00000000   Number         0  oled.o ABSOLUTE
    ..\\HARDWARE\\Relay\\Relay.c             0x00000000   Number         0  relay.o ABSOLUTE
    ..\\HARDWARE\\TIMER\\timer.c             0x00000000   Number         0  timer.o ABSOLUTE
    ..\\HARDWARE\\USART\\usart.c             0x00000000   Number         0  usart.o ABSOLUTE
    ..\\HARDWARE\\printf\\printf.c           0x00000000   Number         0  printf.o ABSOLUTE
    ..\\HARDWARE\\usart1\\usart1.c           0x00000000   Number         0  usart1.o ABSOLUTE
    ..\\SYSTEM\\system_stm32f4xx.c           0x00000000   Number         0  system_stm32f4xx.o ABSOLUTE
    dc.s                                     0x00000000   Number         0  dc.o ABSOLUTE
    delay\\delay.c                           0x00000000   Number         0  delay.o ABSOLUTE
    delay\delay.c                            0x00000000   Number         0  delay.o ABSOLUTE
    main.c                                   0x00000000   Number         0  main.o ABSOLUTE
    main.c                                   0x00000000   Number         0  main.o ABSOLUTE
    stm32f4xx_it.c                           0x00000000   Number         0  stm32f4xx_it.o ABSOLUTE
    stm32f4xx_it.c                           0x00000000   Number         0  stm32f4xx_it.o ABSOLUTE
    RESET                                    0x08000000   Section      392  startup_stm32f40_41xxx.o(RESET)
    !!!main                                  0x08000188   Section        8  __main.o(!!!main)
    !!!scatter                               0x08000190   Section       52  __scatter.o(!!!scatter)
    !!dclz77c                                0x080001c4   Section      100  __dclz77c.o(!!dclz77c)
    !!handler_zi                             0x08000228   Section       28  __scatter_zi.o(!!handler_zi)
    .ARM.Collect$$_printf_percent$$00000000  0x08000244   Section        0  _printf_percent.o(.ARM.Collect$$_printf_percent$$00000000)
    .ARM.Collect$$_printf_percent$$00000009  0x08000244   Section        6  _printf_d.o(.ARM.Collect$$_printf_percent$$00000009)
    .ARM.Collect$$_printf_percent$$00000017  0x0800024a   Section        4  _printf_percent_end.o(.ARM.Collect$$_printf_percent$$00000017)
    .ARM.Collect$$libinit$$00000000          0x0800024e   Section        2  libinit.o(.ARM.Collect$$libinit$$00000000)
    .ARM.Collect$$libinit$$00000001          0x08000250   Section        4  libinit2.o(.ARM.Collect$$libinit$$00000001)
    .ARM.Collect$$libinit$$00000004          0x08000254   Section        0  libinit2.o(.ARM.Collect$$libinit$$00000004)
    .ARM.Collect$$libinit$$0000000A          0x08000254   Section        0  libinit2.o(.ARM.Collect$$libinit$$0000000A)
    .ARM.Collect$$libinit$$0000000C          0x08000254   Section        0  libinit2.o(.ARM.Collect$$libinit$$0000000C)
    .ARM.Collect$$libinit$$0000000E          0x08000254   Section        0  libinit2.o(.ARM.Collect$$libinit$$0000000E)
    .ARM.Collect$$libinit$$0000000F          0x08000254   Section        6  libinit2.o(.ARM.Collect$$libinit$$0000000F)
    .ARM.Collect$$libinit$$00000011          0x0800025a   Section        0  libinit2.o(.ARM.Collect$$libinit$$00000011)
    .ARM.Collect$$libinit$$00000012          0x0800025a   Section       12  libinit2.o(.ARM.Collect$$libinit$$00000012)
    .ARM.Collect$$libinit$$00000013          0x08000266   Section        0  libinit2.o(.ARM.Collect$$libinit$$00000013)
    .ARM.Collect$$libinit$$00000015          0x08000266   Section        0  libinit2.o(.ARM.Collect$$libinit$$00000015)
    .ARM.Collect$$libinit$$00000017          0x08000266   Section        0  libinit2.o(.ARM.Collect$$libinit$$00000017)
    .ARM.Collect$$libinit$$00000019          0x08000266   Section        0  libinit2.o(.ARM.Collect$$libinit$$00000019)
    .ARM.Collect$$libinit$$0000001B          0x08000266   Section        0  libinit2.o(.ARM.Collect$$libinit$$0000001B)
    .ARM.Collect$$libinit$$0000001D          0x08000266   Section        0  libinit2.o(.ARM.Collect$$libinit$$0000001D)
    .ARM.Collect$$libinit$$0000001F          0x08000266   Section        0  libinit2.o(.ARM.Collect$$libinit$$0000001F)
    .ARM.Collect$$libinit$$00000021          0x08000266   Section        0  libinit2.o(.ARM.Collect$$libinit$$00000021)
    .ARM.Collect$$libinit$$00000023          0x08000266   Section        0  libinit2.o(.ARM.Collect$$libinit$$00000023)
    .ARM.Collect$$libinit$$00000025          0x08000266   Section        0  libinit2.o(.ARM.Collect$$libinit$$00000025)
    .ARM.Collect$$libinit$$0000002C          0x08000266   Section        0  libinit2.o(.ARM.Collect$$libinit$$0000002C)
    .ARM.Collect$$libinit$$0000002E          0x08000266   Section        0  libinit2.o(.ARM.Collect$$libinit$$0000002E)
    .ARM.Collect$$libinit$$00000030          0x08000266   Section        0  libinit2.o(.ARM.Collect$$libinit$$00000030)
    .ARM.Collect$$libinit$$00000032          0x08000266   Section        0  libinit2.o(.ARM.Collect$$libinit$$00000032)
    .ARM.Collect$$libinit$$00000033          0x08000266   Section        2  libinit2.o(.ARM.Collect$$libinit$$00000033)
    .ARM.Collect$$libshutdown$$00000000      0x08000268   Section        2  libshutdown.o(.ARM.Collect$$libshutdown$$00000000)
    .ARM.Collect$$libshutdown$$00000002      0x0800026a   Section        0  libshutdown2.o(.ARM.Collect$$libshutdown$$00000002)
    .ARM.Collect$$libshutdown$$00000004      0x0800026a   Section        0  libshutdown2.o(.ARM.Collect$$libshutdown$$00000004)
    .ARM.Collect$$libshutdown$$00000007      0x0800026a   Section        0  libshutdown2.o(.ARM.Collect$$libshutdown$$00000007)
    .ARM.Collect$$libshutdown$$0000000A      0x0800026a   Section        0  libshutdown2.o(.ARM.Collect$$libshutdown$$0000000A)
    .ARM.Collect$$libshutdown$$0000000C      0x0800026a   Section        0  libshutdown2.o(.ARM.Collect$$libshutdown$$0000000C)
    .ARM.Collect$$libshutdown$$0000000F      0x0800026a   Section        0  libshutdown2.o(.ARM.Collect$$libshutdown$$0000000F)
    .ARM.Collect$$libshutdown$$00000010      0x0800026a   Section        2  libshutdown2.o(.ARM.Collect$$libshutdown$$00000010)
    .ARM.Collect$$rtentry$$00000000          0x0800026c   Section        0  __rtentry.o(.ARM.Collect$$rtentry$$00000000)
    .ARM.Collect$$rtentry$$00000002          0x0800026c   Section        0  __rtentry2.o(.ARM.Collect$$rtentry$$00000002)
    .ARM.Collect$$rtentry$$00000004          0x0800026c   Section        6  __rtentry4.o(.ARM.Collect$$rtentry$$00000004)
    .ARM.Collect$$rtentry$$00000009          0x08000272   Section        0  __rtentry2.o(.ARM.Collect$$rtentry$$00000009)
    .ARM.Collect$$rtentry$$0000000A          0x08000272   Section        4  __rtentry2.o(.ARM.Collect$$rtentry$$0000000A)
    .ARM.Collect$$rtentry$$0000000C          0x08000276   Section        0  __rtentry2.o(.ARM.Collect$$rtentry$$0000000C)
    .ARM.Collect$$rtentry$$0000000D          0x08000276   Section        8  __rtentry2.o(.ARM.Collect$$rtentry$$0000000D)
    .ARM.Collect$$rtexit$$00000000           0x0800027e   Section        2  rtexit.o(.ARM.Collect$$rtexit$$00000000)
    .ARM.Collect$$rtexit$$00000002           0x08000280   Section        0  rtexit2.o(.ARM.Collect$$rtexit$$00000002)
    .ARM.Collect$$rtexit$$00000003           0x08000280   Section        4  rtexit2.o(.ARM.Collect$$rtexit$$00000003)
    .ARM.Collect$$rtexit$$00000004           0x08000284   Section        6  rtexit2.o(.ARM.Collect$$rtexit$$00000004)
    .text                                    0x0800028c   Section       64  startup_stm32f40_41xxx.o(.text)
    $v0                                      0x0800028c   Number         0  startup_stm32f40_41xxx.o(.text)
    .text                                    0x080002cc   Section        2  use_no_semi.o(.text)
    .text                                    0x080002d0   Section        0  noretval__2sprintf.o(.text)
    .text                                    0x080002f8   Section        0  __printf.o(.text)
    .text                                    0x08000360   Section        0  _printf_dec.o(.text)
    .text                                    0x080003d8   Section        0  atoi.o(.text)
    .text                                    0x080003f2   Section        0  strstr.o(.text)
    .text                                    0x08000416   Section        0  memcmp.o(.text)
    .text                                    0x0800046e   Section        0  strcpy.o(.text)
    .text                                    0x080004b6   Section       68  rt_memclr.o(.text)
    .text                                    0x080004fa   Section        0  heapauxi.o(.text)
    .text                                    0x08000500   Section        8  rt_errno_addr_intlibspace.o(.text)
    .text                                    0x08000508   Section        0  _printf_intcommon.o(.text)
    .text                                    0x080005bc   Section        0  _printf_char_common.o(.text)
    _printf_input_char                       0x080005bd   Thumb Code    10  _printf_char_common.o(.text)
    .text                                    0x080005ec   Section        0  _sputc.o(.text)
    .text                                    0x080005f6   Section        0  strtol.o(.text)
    .text                                    0x08000666   Section       78  rt_memclr_w.o(.text)
    .text                                    0x080006b4   Section        8  libspace.o(.text)
    .text                                    0x080006bc   Section       16  rt_ctype_table.o(.text)
    .text                                    0x080006cc   Section        0  _strtoul.o(.text)
    .text                                    0x0800076a   Section       74  sys_stackheap_outer.o(.text)
    .text                                    0x080007b4   Section        8  rt_locale_intlibspace.o(.text)
    .text                                    0x080007bc   Section        0  _chval.o(.text)
    .text                                    0x080007d8   Section        0  exit.o(.text)
    .text                                    0x080007ec   Section      128  strcmpv7m.o(.text)
    i.Add_FR                                 0x0800086c   Section        0  as608.o(i.Add_FR)
    i.Administrator                          0x08000de8   Section        0  main.o(i.Administrator)
    i.BusFault_Handler                       0x08001174   Section        0  stm32f4xx_it.o(i.BusFault_Handler)
    i.DOOR_Open                              0x08001178   Section        0  main.o(i.DOOR_Open)
    i.DebugMon_Handler                       0x080011f0   Section        0  stm32f4xx_it.o(i.DebugMon_Handler)
    i.Delay_ms                               0x080011f2   Section        0  delay.o(i.Delay_ms)
    i.Delay_us                               0x0800120c   Section        0  delay.o(i.Delay_us)
    i.EnsureMessage                          0x08001244   Section        0  as608.o(i.EnsureMessage)
    i.GPIO_Init                              0x08001870   Section        0  stm32f4xx_gpio.o(i.GPIO_Init)
    i.GPIO_PinAFConfig                       0x08001900   Section        0  stm32f4xx_gpio.o(i.GPIO_PinAFConfig)
    i.GPIO_ReadInputDataBit                  0x08001946   Section        0  stm32f4xx_gpio.o(i.GPIO_ReadInputDataBit)
    i.GPIO_ResetBits                         0x08001958   Section        0  stm32f4xx_gpio.o(i.GPIO_ResetBits)
    i.GPIO_SetBits                           0x0800195c   Section        0  stm32f4xx_gpio.o(i.GPIO_SetBits)
    i.HardFault_Handler                      0x08001960   Section        0  stm32f4xx_it.o(i.HardFault_Handler)
    i.IIC_SDASetInputMode                    0x08001964   Section        0  oled.o(i.IIC_SDASetInputMode)
    IIC_SDASetInputMode                      0x08001965   Thumb Code    36  oled.o(i.IIC_SDASetInputMode)
    i.IIC_SDASetOutputMode                   0x0800198c   Section        0  oled.o(i.IIC_SDASetOutputMode)
    IIC_SDASetOutputMode                     0x0800198d   Thumb Code    48  oled.o(i.IIC_SDASetOutputMode)
    i.IIC_Start                              0x080019c0   Section        0  oled.o(i.IIC_Start)
    i.IIC_Stop                               0x08001a04   Section        0  oled.o(i.IIC_Stop)
    i.IIC_Wait_Ack                           0x08001a48   Section        0  oled.o(i.IIC_Wait_Ack)
    i.JudgeStr                               0x08001a98   Section        0  as608.o(i.JudgeStr)
    JudgeStr                                 0x08001a99   Thumb Code   122  as608.o(i.JudgeStr)
    i.Key_Init                               0x08001b20   Section        0  key.o(i.Key_Init)
    i.LED_Config                             0x08001b78   Section        0  led.o(i.LED_Config)
    i.MYUSART_SendData                       0x08001bb8   Section        0  as608.o(i.MYUSART_SendData)
    MYUSART_SendData                         0x08001bb9   Thumb Code    22  as608.o(i.MYUSART_SendData)
    i.MemManage_Handler                      0x08001bd4   Section        0  stm32f4xx_it.o(i.MemManage_Handler)
    i.NMI_Handler                            0x08001bd8   Section        0  stm32f4xx_it.o(i.NMI_Handler)
    i.NVIC_Init                              0x08001bdc   Section        0  misc.o(i.NVIC_Init)
    i.NVIC_PriorityGroupConfig               0x08001c54   Section        0  misc.o(i.NVIC_PriorityGroupConfig)
    i.OLED_Clear                             0x08001c68   Section        0  oled.o(i.OLED_Clear)
    i.OLED_DrawBMP                           0x08001ca6   Section        0  oled.o(i.OLED_DrawBMP)
    i.OLED_Init                              0x08001d1c   Section        0  oled.o(i.OLED_Init)
    i.OLED_Set_Pos                           0x08001e3c   Section        0  oled.o(i.OLED_Set_Pos)
    i.OLED_ShowCHinese                       0x08001e64   Section        0  oled.o(i.OLED_ShowCHinese)
    i.OLED_ShowChar                          0x08001ecc   Section        0  oled.o(i.OLED_ShowChar)
    i.OLED_ShowString                        0x08001f70   Section        0  oled.o(i.OLED_ShowString)
    i.OLED_WR_Byte                           0x08001faa   Section        0  oled.o(i.OLED_WR_Byte)
    i.PS_DeletChar                           0x08001fc2   Section        0  as608.o(i.PS_DeletChar)
    i.PS_GenChar                             0x0800202e   Section        0  as608.o(i.PS_GenChar)
    i.PS_GetImage                            0x08002074   Section        0  as608.o(i.PS_GetImage)
    i.PS_HighSpeedSearch                     0x080020ae   Section        0  as608.o(i.PS_HighSpeedSearch)
    i.PS_Match                               0x0800213e   Section        0  as608.o(i.PS_Match)
    i.PS_RegModel                            0x08002178   Section        0  as608.o(i.PS_RegModel)
    i.PS_StoreChar                           0x080021b2   Section        0  as608.o(i.PS_StoreChar)
    i.PasswordInput                          0x08002214   Section        0  main.o(i.PasswordInput)
    i.Password_Create                        0x08002518   Section        0  main.o(i.Password_Create)
    i.PendSV_Handler                         0x080027a4   Section        0  stm32f4xx_it.o(i.PendSV_Handler)
    i.RCC_AHB1PeriphClockCmd                 0x080027a8   Section        0  stm32f4xx_rcc.o(i.RCC_AHB1PeriphClockCmd)
    i.RCC_APB1PeriphClockCmd                 0x080027c8   Section        0  stm32f4xx_rcc.o(i.RCC_APB1PeriphClockCmd)
    i.RCC_APB2PeriphClockCmd                 0x080027e8   Section        0  stm32f4xx_rcc.o(i.RCC_APB2PeriphClockCmd)
    i.RCC_GetClocksFreq                      0x08002808   Section        0  stm32f4xx_rcc.o(i.RCC_GetClocksFreq)
    i.Relay_Config                           0x080028f0   Section        0  relay.o(i.Relay_Config)
    i.SVC_Handler                            0x08002928   Section        0  stm32f4xx_it.o(i.SVC_Handler)
    i.SendAddr                               0x0800292c   Section        0  as608.o(i.SendAddr)
    SendAddr                                 0x0800292d   Thumb Code    46  as608.o(i.SendAddr)
    i.SendCheck                              0x08002960   Section        0  as608.o(i.SendCheck)
    SendCheck                                0x08002961   Thumb Code    18  as608.o(i.SendCheck)
    i.SendFlag                               0x08002972   Section        0  as608.o(i.SendFlag)
    SendFlag                                 0x08002973   Thumb Code    12  as608.o(i.SendFlag)
    i.SendHead                               0x0800297e   Section        0  as608.o(i.SendHead)
    SendHead                                 0x0800297f   Thumb Code    16  as608.o(i.SendHead)
    i.SendLength                             0x0800298e   Section        0  as608.o(i.SendLength)
    SendLength                               0x0800298f   Thumb Code    20  as608.o(i.SendLength)
    i.Sendcmd                                0x080029a2   Section        0  as608.o(i.Sendcmd)
    Sendcmd                                  0x080029a3   Thumb Code    12  as608.o(i.Sendcmd)
    i.SetSysClock                            0x080029b0   Section        0  system_stm32f4xx.o(i.SetSysClock)
    SetSysClock                              0x080029b1   Thumb Code   220  system_stm32f4xx.o(i.SetSysClock)
    i.ShowErrMessage                         0x08002a9c   Section        0  as608.o(i.ShowErrMessage)
    i.SystemInit                             0x08002aa8   Section        0  system_stm32f4xx.o(i.SystemInit)
    i.TIM7_IRQHandler                        0x08002b10   Section        0  timer.o(i.TIM7_IRQHandler)
    i.TIM7_Int_Init                          0x08002b44   Section        0  timer.o(i.TIM7_Int_Init)
    i.TIM_ClearITPendingBit                  0x08002ba0   Section        0  stm32f4xx_tim.o(i.TIM_ClearITPendingBit)
    i.TIM_Cmd                                0x08002ba6   Section        0  stm32f4xx_tim.o(i.TIM_Cmd)
    i.TIM_GetITStatus                        0x08002bbe   Section        0  stm32f4xx_tim.o(i.TIM_GetITStatus)
    i.TIM_ITConfig                           0x08002be0   Section        0  stm32f4xx_tim.o(i.TIM_ITConfig)
    i.TIM_SetCounter                         0x08002bf2   Section        0  stm32f4xx_tim.o(i.TIM_SetCounter)
    i.TIM_TimeBaseInit                       0x08002bf8   Section        0  stm32f4xx_tim.o(i.TIM_TimeBaseInit)
    i.USART1_IRQHandler                      0x08002c7c   Section        0  usart1.o(i.USART1_IRQHandler)
    i.USART2_Config                          0x08002d00   Section        0  usart.o(i.USART2_Config)
    i.USART2_IRQHandler                      0x08002dcc   Section        0  usart.o(i.USART2_IRQHandler)
    i.USART_ClearFlag                        0x08002e3c   Section        0  stm32f4xx_usart.o(i.USART_ClearFlag)
    i.USART_Cmd                              0x08002e4e   Section        0  stm32f4xx_usart.o(i.USART_Cmd)
    i.USART_GetITStatus                      0x08002e66   Section        0  stm32f4xx_usart.o(i.USART_GetITStatus)
    i.USART_ITConfig                         0x08002eba   Section        0  stm32f4xx_usart.o(i.USART_ITConfig)
    i.USART_Init                             0x08002f04   Section        0  stm32f4xx_usart.o(i.USART_Init)
    i.USART_ReceiveData                      0x08002fd8   Section        0  stm32f4xx_usart.o(i.USART_ReceiveData)
    i.UsageFault_Handler                     0x08002fe2   Section        0  stm32f4xx_it.o(i.UsageFault_Handler)
    i.Write_IIC_Byte                         0x08002fe8   Section        0  oled.o(i.Write_IIC_Byte)
    i.Write_IIC_Command                      0x08003060   Section        0  oled.o(i.Write_IIC_Command)
    i.Write_IIC_Data                         0x0800308c   Section        0  oled.o(i.Write_IIC_Data)
    i._sys_exit                              0x080030b8   Section        0  printf.o(i._sys_exit)
    i.delay_ms                               0x080030ba   Section        0  delay.o(i.delay_ms)
    i.delay_us                               0x080030d4   Section        0  delay.o(i.delay_us)
    i.get_key                                0x0800310c   Section        0  key.o(i.get_key)
    i.main                                   0x08003648   Section        0  main.o(i.main)
    i.press_FR                               0x08003720   Section        0  as608.o(i.press_FR)
    i.uart1_init                             0x08003afc   Section        0  usart1.o(i.uart1_init)
    locale$$code                             0x08003bb0   Section       44  lc_ctype_c.o(locale$$code)
    x$fpl$fpinit                             0x08003bdc   Section       10  fpinit.o(x$fpl$fpinit)
    $v0                                      0x08003bdc   Number         0  fpinit.o(x$fpl$fpinit)
    .constdata                               0x08003be6   Section     2072  oled.o(.constdata)
    locale$$data                             0x08004420   Section      272  lc_ctype_c.o(locale$$data)
    __lcctype_c_name                         0x08004424   Data           2  lc_ctype_c.o(locale$$data)
    __lcctype_c_start                        0x0800442c   Data           0  lc_ctype_c.o(locale$$data)
    __lcctype_c_end                          0x08004530   Data           0  lc_ctype_c.o(locale$$data)
    .data                                    0x20000000   Section       16  stm32f4xx_rcc.o(.data)
    APBAHBPrescTable                         0x20000000   Data          16  stm32f4xx_rcc.o(.data)
    .data                                    0x20000010   Section     8832  oled.o(.data)
    .data                                    0x20002290   Section        2  usart.o(.data)
    .data                                    0x20002294   Section       10  as608.o(.data)
    .data                                    0x2000229e   Section       17  key.o(.data)
    .data                                    0x200022af   Section        1  usart1.o(.data)
    .data                                    0x200022b0   Section      232  main.o(.data)
    .bss                                     0x20002398   Section      800  usart.o(.bss)
    .bss                                     0x200026b8   Section      412  as608.o(.bss)
    .bss                                     0x20002854   Section      100  usart1.o(.bss)
    .bss                                     0x200028b8   Section       20  main.o(.bss)
    .bss                                     0x200028cc   Section       96  libspace.o(.bss)
    HEAP                                     0x20002930   Section      512  startup_stm32f40_41xxx.o(HEAP)
    Heap_Mem                                 0x20002930   Data         512  startup_stm32f40_41xxx.o(HEAP)
    STACK                                    0x20002b30   Section     1024  startup_stm32f40_41xxx.o(STACK)
    Stack_Mem                                0x20002b30   Data        1024  startup_stm32f40_41xxx.o(STACK)
    __initial_sp                             0x20002f30   Data           0  startup_stm32f40_41xxx.o(STACK)

    Global Symbols

    Symbol Name                              Value     Ov Type        Size  Object(Section)

    BuildAttributes$$THM_ISAv4$E$P$D$K$B$S$7EM$VFPi3$EXTD16$VFPS$VFMA$PE$A:L22UL41UL21$X:L11$S22US41US21$IEEE1$IW$USESV6$~STKCKD$USESV7$~SHL$OSPACE$ROPI$EBA8$UX$STANDARDLIB$REQ8$PRES8$EABIv2 0x00000000   Number         0  anon$$obj.o ABSOLUTE
    __ARM_use_no_argv                        0x00000000   Number         0  main.o ABSOLUTE
    __ARM_exceptions_init                     - Undefined Weak Reference
    __alloca_initialize                       - Undefined Weak Reference
    __arm_preinit_                            - Undefined Weak Reference
    __cpp_initialize__aeabi_                  - Undefined Weak Reference
    __cxa_finalize                            - Undefined Weak Reference
    __sigvec_lookup                           - Undefined Weak Reference
    _atexit_init                              - Undefined Weak Reference
    _call_atexit_fns                          - Undefined Weak Reference
    _clock_init                               - Undefined Weak Reference
    _fp_trap_init                             - Undefined Weak Reference
    _fp_trap_shutdown                         - Undefined Weak Reference
    _get_lc_collate                           - Undefined Weak Reference
    _get_lc_monetary                          - Undefined Weak Reference
    _get_lc_numeric                           - Undefined Weak Reference
    _get_lc_time                              - Undefined Weak Reference
    _getenv_init                              - Undefined Weak Reference
    _handle_redirection                       - Undefined Weak Reference
    _init_alloc                               - Undefined Weak Reference
    _init_user_alloc                          - Undefined Weak Reference
    _initio                                   - Undefined Weak Reference
    _mutex_acquire                            - Undefined Weak Reference
    _mutex_release                            - Undefined Weak Reference
    _printf_post_padding                      - Undefined Weak Reference
    _printf_pre_padding                       - Undefined Weak Reference
    _printf_truncate_signed                   - Undefined Weak Reference
    _printf_truncate_unsigned                 - Undefined Weak Reference
    _rand_init                                - Undefined Weak Reference
    _signal_finish                            - Undefined Weak Reference
    _signal_init                              - Undefined Weak Reference
    _terminate_alloc                          - Undefined Weak Reference
    _terminate_user_alloc                     - Undefined Weak Reference
    _terminateio                              - Undefined Weak Reference
    __Vectors_Size                           0x00000188   Number         0  startup_stm32f40_41xxx.o ABSOLUTE
    __Vectors                                0x08000000   Data           4  startup_stm32f40_41xxx.o(RESET)
    __Vectors_End                            0x08000188   Data           0  startup_stm32f40_41xxx.o(RESET)
    __main                                   0x08000189   Thumb Code     8  __main.o(!!!main)
    __scatterload                            0x08000191   Thumb Code     0  __scatter.o(!!!scatter)
    __scatterload_rt2                        0x08000191   Thumb Code    44  __scatter.o(!!!scatter)
    __scatterload_rt2_thumb_only             0x08000191   Thumb Code     0  __scatter.o(!!!scatter)
    __scatterload_null                       0x0800019f   Thumb Code     0  __scatter.o(!!!scatter)
    __decompress                             0x080001c5   Thumb Code   100  __dclz77c.o(!!dclz77c)
    __decompress2                            0x080001c5   Thumb Code     0  __dclz77c.o(!!dclz77c)
    __scatterload_zeroinit                   0x08000229   Thumb Code    28  __scatter_zi.o(!!handler_zi)
    _printf_d                                0x08000245   Thumb Code     0  _printf_d.o(.ARM.Collect$$_printf_percent$$00000009)
    _printf_percent                          0x08000245   Thumb Code     0  _printf_percent.o(.ARM.Collect$$_printf_percent$$00000000)
    _printf_percent_end                      0x0800024b   Thumb Code     0  _printf_percent_end.o(.ARM.Collect$$_printf_percent$$00000017)
    __rt_lib_init                            0x0800024f   Thumb Code     0  libinit.o(.ARM.Collect$$libinit$$00000000)
    __rt_lib_init_fp_1                       0x08000251   Thumb Code     0  libinit2.o(.ARM.Collect$$libinit$$00000001)
    __rt_lib_init_heap_1                     0x08000255   Thumb Code     0  libinit2.o(.ARM.Collect$$libinit$$0000000A)
    __rt_lib_init_lc_common                  0x08000255   Thumb Code     0  libinit2.o(.ARM.Collect$$libinit$$0000000F)
    __rt_lib_init_preinit_1                  0x08000255   Thumb Code     0  libinit2.o(.ARM.Collect$$libinit$$00000004)
    __rt_lib_init_rand_1                     0x08000255   Thumb Code     0  libinit2.o(.ARM.Collect$$libinit$$0000000E)
    __rt_lib_init_user_alloc_1               0x08000255   Thumb Code     0  libinit2.o(.ARM.Collect$$libinit$$0000000C)
    __rt_lib_init_lc_collate_1               0x0800025b   Thumb Code     0  libinit2.o(.ARM.Collect$$libinit$$00000011)
    __rt_lib_init_lc_ctype_2                 0x0800025b   Thumb Code     0  libinit2.o(.ARM.Collect$$libinit$$00000012)
    __rt_lib_init_alloca_1                   0x08000267   Thumb Code     0  libinit2.o(.ARM.Collect$$libinit$$0000002E)
    __rt_lib_init_argv_1                     0x08000267   Thumb Code     0  libinit2.o(.ARM.Collect$$libinit$$0000002C)
    __rt_lib_init_atexit_1                   0x08000267   Thumb Code     0  libinit2.o(.ARM.Collect$$libinit$$0000001B)
    __rt_lib_init_clock_1                    0x08000267   Thumb Code     0  libinit2.o(.ARM.Collect$$libinit$$00000021)
    __rt_lib_init_cpp_1                      0x08000267   Thumb Code     0  libinit2.o(.ARM.Collect$$libinit$$00000032)
    __rt_lib_init_exceptions_1               0x08000267   Thumb Code     0  libinit2.o(.ARM.Collect$$libinit$$00000030)
    __rt_lib_init_fp_trap_1                  0x08000267   Thumb Code     0  libinit2.o(.ARM.Collect$$libinit$$0000001F)
    __rt_lib_init_getenv_1                   0x08000267   Thumb Code     0  libinit2.o(.ARM.Collect$$libinit$$00000023)
    __rt_lib_init_lc_ctype_1                 0x08000267   Thumb Code     0  libinit2.o(.ARM.Collect$$libinit$$00000013)
    __rt_lib_init_lc_monetary_1              0x08000267   Thumb Code     0  libinit2.o(.ARM.Collect$$libinit$$00000015)
    __rt_lib_init_lc_numeric_1               0x08000267   Thumb Code     0  libinit2.o(.ARM.Collect$$libinit$$00000017)
    __rt_lib_init_lc_time_1                  0x08000267   Thumb Code     0  libinit2.o(.ARM.Collect$$libinit$$00000019)
    __rt_lib_init_return                     0x08000267   Thumb Code     0  libinit2.o(.ARM.Collect$$libinit$$00000033)
    __rt_lib_init_signal_1                   0x08000267   Thumb Code     0  libinit2.o(.ARM.Collect$$libinit$$0000001D)
    __rt_lib_init_stdio_1                    0x08000267   Thumb Code     0  libinit2.o(.ARM.Collect$$libinit$$00000025)
    __rt_lib_shutdown                        0x08000269   Thumb Code     0  libshutdown.o(.ARM.Collect$$libshutdown$$00000000)
    __rt_lib_shutdown_cpp_1                  0x0800026b   Thumb Code     0  libshutdown2.o(.ARM.Collect$$libshutdown$$00000002)
    __rt_lib_shutdown_fp_trap_1              0x0800026b   Thumb Code     0  libshutdown2.o(.ARM.Collect$$libshutdown$$00000007)
    __rt_lib_shutdown_heap_1                 0x0800026b   Thumb Code     0  libshutdown2.o(.ARM.Collect$$libshutdown$$0000000F)
    __rt_lib_shutdown_return                 0x0800026b   Thumb Code     0  libshutdown2.o(.ARM.Collect$$libshutdown$$00000010)
    __rt_lib_shutdown_signal_1               0x0800026b   Thumb Code     0  libshutdown2.o(.ARM.Collect$$libshutdown$$0000000A)
    __rt_lib_shutdown_stdio_1                0x0800026b   Thumb Code     0  libshutdown2.o(.ARM.Collect$$libshutdown$$00000004)
    __rt_lib_shutdown_user_alloc_1           0x0800026b   Thumb Code     0  libshutdown2.o(.ARM.Collect$$libshutdown$$0000000C)
    __rt_entry                               0x0800026d   Thumb Code     0  __rtentry.o(.ARM.Collect$$rtentry$$00000000)
    __rt_entry_presh_1                       0x0800026d   Thumb Code     0  __rtentry2.o(.ARM.Collect$$rtentry$$00000002)
    __rt_entry_sh                            0x0800026d   Thumb Code     0  __rtentry4.o(.ARM.Collect$$rtentry$$00000004)
    __rt_entry_li                            0x08000273   Thumb Code     0  __rtentry2.o(.ARM.Collect$$rtentry$$0000000A)
    __rt_entry_postsh_1                      0x08000273   Thumb Code     0  __rtentry2.o(.ARM.Collect$$rtentry$$00000009)
    __rt_entry_main                          0x08000277   Thumb Code     0  __rtentry2.o(.ARM.Collect$$rtentry$$0000000D)
    __rt_entry_postli_1                      0x08000277   Thumb Code     0  __rtentry2.o(.ARM.Collect$$rtentry$$0000000C)
    __rt_exit                                0x0800027f   Thumb Code     0  rtexit.o(.ARM.Collect$$rtexit$$00000000)
    __rt_exit_ls                             0x08000281   Thumb Code     0  rtexit2.o(.ARM.Collect$$rtexit$$00000003)
    __rt_exit_prels_1                        0x08000281   Thumb Code     0  rtexit2.o(.ARM.Collect$$rtexit$$00000002)
    __rt_exit_exit                           0x08000285   Thumb Code     0  rtexit2.o(.ARM.Collect$$rtexit$$00000004)
    Reset_Handler                            0x0800028d   Thumb Code     8  startup_stm32f40_41xxx.o(.text)
    SysTick_Handler                          0x080002a5   Thumb Code     2  startup_stm32f40_41xxx.o(.text)
    ADC_IRQHandler                           0x080002a7   Thumb Code     0  startup_stm32f40_41xxx.o(.text)
    CAN1_RX0_IRQHandler                      0x080002a7   Thumb Code     0  startup_stm32f40_41xxx.o(.text)
    CAN1_RX1_IRQHandler                      0x080002a7   Thumb Code     0  startup_stm32f40_41xxx.o(.text)
    CAN1_SCE_IRQHandler                      0x080002a7   Thumb Code     0  startup_stm32f40_41xxx.o(.text)
    CAN1_TX_IRQHandler                       0x080002a7   Thumb Code     0  startup_stm32f40_41xxx.o(.text)
    CAN2_RX0_IRQHandler                      0x080002a7   Thumb Code     0  startup_stm32f40_41xxx.o(.text)
    CAN2_RX1_IRQHandler                      0x080002a7   Thumb Code     0  startup_stm32f40_41xxx.o(.text)
    CAN2_SCE_IRQHandler                      0x080002a7   Thumb Code     0  startup_stm32f40_41xxx.o(.text)
    CAN2_TX_IRQHandler                       0x080002a7   Thumb Code     0  startup_stm32f40_41xxx.o(.text)
    CRYP_IRQHandler                          0x080002a7   Thumb Code     0  startup_stm32f40_41xxx.o(.text)
    DCMI_IRQHandler                          0x080002a7   Thumb Code     0  startup_stm32f40_41xxx.o(.text)
    DMA1_Stream0_IRQHandler                  0x080002a7   Thumb Code     0  startup_stm32f40_41xxx.o(.text)
    DMA1_Stream1_IRQHandler                  0x080002a7   Thumb Code     0  startup_stm32f40_41xxx.o(.text)
    DMA1_Stream2_IRQHandler                  0x080002a7   Thumb Code     0  startup_stm32f40_41xxx.o(.text)
    DMA1_Stream3_IRQHandler                  0x080002a7   Thumb Code     0  startup_stm32f40_41xxx.o(.text)
    DMA1_Stream4_IRQHandler                  0x080002a7   Thumb Code     0  startup_stm32f40_41xxx.o(.text)
    DMA1_Stream5_IRQHandler                  0x080002a7   Thumb Code     0  startup_stm32f40_41xxx.o(.text)
    DMA1_Stream6_IRQHandler                  0x080002a7   Thumb Code     0  startup_stm32f40_41xxx.o(.text)
    DMA1_Stream7_IRQHandler                  0x080002a7   Thumb Code     0  startup_stm32f40_41xxx.o(.text)
    DMA2_Stream0_IRQHandler                  0x080002a7   Thumb Code     0  startup_stm32f40_41xxx.o(.text)
    DMA2_Stream1_IRQHandler                  0x080002a7   Thumb Code     0  startup_stm32f40_41xxx.o(.text)
    DMA2_Stream2_IRQHandler                  0x080002a7   Thumb Code     0  startup_stm32f40_41xxx.o(.text)
    DMA2_Stream3_IRQHandler                  0x080002a7   Thumb Code     0  startup_stm32f40_41xxx.o(.text)
    DMA2_Stream4_IRQHandler                  0x080002a7   Thumb Code     0  startup_stm32f40_41xxx.o(.text)
    DMA2_Stream5_IRQHandler                  0x080002a7   Thumb Code     0  startup_stm32f40_41xxx.o(.text)
    DMA2_Stream6_IRQHandler                  0x080002a7   Thumb Code     0  startup_stm32f40_41xxx.o(.text)
    DMA2_Stream7_IRQHandler                  0x080002a7   Thumb Code     0  startup_stm32f40_41xxx.o(.text)
    ETH_IRQHandler                           0x080002a7   Thumb Code     0  startup_stm32f40_41xxx.o(.text)
    ETH_WKUP_IRQHandler                      0x080002a7   Thumb Code     0  startup_stm32f40_41xxx.o(.text)
    EXTI0_IRQHandler                         0x080002a7   Thumb Code     0  startup_stm32f40_41xxx.o(.text)
    EXTI15_10_IRQHandler                     0x080002a7   Thumb Code     0  startup_stm32f40_41xxx.o(.text)
    EXTI1_IRQHandler                         0x080002a7   Thumb Code     0  startup_stm32f40_41xxx.o(.text)
    EXTI2_IRQHandler                         0x080002a7   Thumb Code     0  startup_stm32f40_41xxx.o(.text)
    EXTI3_IRQHandler                         0x080002a7   Thumb Code     0  startup_stm32f40_41xxx.o(.text)
    EXTI4_IRQHandler                         0x080002a7   Thumb Code     0  startup_stm32f40_41xxx.o(.text)
    EXTI9_5_IRQHandler                       0x080002a7   Thumb Code     0  startup_stm32f40_41xxx.o(.text)
    FLASH_IRQHandler                         0x080002a7   Thumb Code     0  startup_stm32f40_41xxx.o(.text)
    FPU_IRQHandler                           0x080002a7   Thumb Code     0  startup_stm32f40_41xxx.o(.text)
    FSMC_IRQHandler                          0x080002a7   Thumb Code     0  startup_stm32f40_41xxx.o(.text)
    HASH_RNG_IRQHandler                      0x080002a7   Thumb Code     0  startup_stm32f40_41xxx.o(.text)
    I2C1_ER_IRQHandler                       0x080002a7   Thumb Code     0  startup_stm32f40_41xxx.o(.text)
    I2C1_EV_IRQHandler                       0x080002a7   Thumb Code     0  startup_stm32f40_41xxx.o(.text)
    I2C2_ER_IRQHandler                       0x080002a7   Thumb Code     0  startup_stm32f40_41xxx.o(.text)
    I2C2_EV_IRQHandler                       0x080002a7   Thumb Code     0  startup_stm32f40_41xxx.o(.text)
    I2C3_ER_IRQHandler                       0x080002a7   Thumb Code     0  startup_stm32f40_41xxx.o(.text)
    I2C3_EV_IRQHandler                       0x080002a7   Thumb Code     0  startup_stm32f40_41xxx.o(.text)
    OTG_FS_IRQHandler                        0x080002a7   Thumb Code     0  startup_stm32f40_41xxx.o(.text)
    OTG_FS_WKUP_IRQHandler                   0x080002a7   Thumb Code     0  startup_stm32f40_41xxx.o(.text)
    OTG_HS_EP1_IN_IRQHandler                 0x080002a7   Thumb Code     0  startup_stm32f40_41xxx.o(.text)
    OTG_HS_EP1_OUT_IRQHandler                0x080002a7   Thumb Code     0  startup_stm32f40_41xxx.o(.text)
    OTG_HS_IRQHandler                        0x080002a7   Thumb Code     0  startup_stm32f40_41xxx.o(.text)
    OTG_HS_WKUP_IRQHandler                   0x080002a7   Thumb Code     0  startup_stm32f40_41xxx.o(.text)
    PVD_IRQHandler                           0x080002a7   Thumb Code     0  startup_stm32f40_41xxx.o(.text)
    RCC_IRQHandler                           0x080002a7   Thumb Code     0  startup_stm32f40_41xxx.o(.text)
    RTC_Alarm_IRQHandler                     0x080002a7   Thumb Code     0  startup_stm32f40_41xxx.o(.text)
    RTC_WKUP_IRQHandler                      0x080002a7   Thumb Code     0  startup_stm32f40_41xxx.o(.text)
    SDIO_IRQHandler                          0x080002a7   Thumb Code     0  startup_stm32f40_41xxx.o(.text)
    SPI1_IRQHandler                          0x080002a7   Thumb Code     0  startup_stm32f40_41xxx.o(.text)
    SPI2_IRQHandler                          0x080002a7   Thumb Code     0  startup_stm32f40_41xxx.o(.text)
    SPI3_IRQHandler                          0x080002a7   Thumb Code     0  startup_stm32f40_41xxx.o(.text)
    TAMP_STAMP_IRQHandler                    0x080002a7   Thumb Code     0  startup_stm32f40_41xxx.o(.text)
    TIM1_BRK_TIM9_IRQHandler                 0x080002a7   Thumb Code     0  startup_stm32f40_41xxx.o(.text)
    TIM1_CC_IRQHandler                       0x080002a7   Thumb Code     0  startup_stm32f40_41xxx.o(.text)
    TIM1_TRG_COM_TIM11_IRQHandler            0x080002a7   Thumb Code     0  startup_stm32f40_41xxx.o(.text)
    TIM1_UP_TIM10_IRQHandler                 0x080002a7   Thumb Code     0  startup_stm32f40_41xxx.o(.text)
    TIM2_IRQHandler                          0x080002a7   Thumb Code     0  startup_stm32f40_41xxx.o(.text)
    TIM3_IRQHandler                          0x080002a7   Thumb Code     0  startup_stm32f40_41xxx.o(.text)
    TIM4_IRQHandler                          0x080002a7   Thumb Code     0  startup_stm32f40_41xxx.o(.text)
    TIM5_IRQHandler                          0x080002a7   Thumb Code     0  startup_stm32f40_41xxx.o(.text)
    TIM6_DAC_IRQHandler                      0x080002a7   Thumb Code     0  startup_stm32f40_41xxx.o(.text)
    TIM8_BRK_TIM12_IRQHandler                0x080002a7   Thumb Code     0  startup_stm32f40_41xxx.o(.text)
    TIM8_CC_IRQHandler                       0x080002a7   Thumb Code     0  startup_stm32f40_41xxx.o(.text)
    TIM8_TRG_COM_TIM14_IRQHandler            0x080002a7   Thumb Code     0  startup_stm32f40_41xxx.o(.text)
    TIM8_UP_TIM13_IRQHandler                 0x080002a7   Thumb Code     0  startup_stm32f40_41xxx.o(.text)
    UART4_IRQHandler                         0x080002a7   Thumb Code     0  startup_stm32f40_41xxx.o(.text)
    UART5_IRQHandler                         0x080002a7   Thumb Code     0  startup_stm32f40_41xxx.o(.text)
    USART3_IRQHandler                        0x080002a7   Thumb Code     0  startup_stm32f40_41xxx.o(.text)
    USART6_IRQHandler                        0x080002a7   Thumb Code     0  startup_stm32f40_41xxx.o(.text)
    WWDG_IRQHandler                          0x080002a7   Thumb Code     0  startup_stm32f40_41xxx.o(.text)
    __user_initial_stackheap                 0x080002a9   Thumb Code     0  startup_stm32f40_41xxx.o(.text)
    __I$use$semihosting                      0x080002cd   Thumb Code     0  use_no_semi.o(.text)
    __use_no_semihosting_swi                 0x080002cd   Thumb Code     2  use_no_semi.o(.text)
    __2sprintf                               0x080002d1   Thumb Code    34  noretval__2sprintf.o(.text)
    __printf                                 0x080002f9   Thumb Code   104  __printf.o(.text)
    _printf_int_dec                          0x08000361   Thumb Code   104  _printf_dec.o(.text)
    atoi                                     0x080003d9   Thumb Code    26  atoi.o(.text)
    strstr                                   0x080003f3   Thumb Code    36  strstr.o(.text)
    memcmp                                   0x08000417   Thumb Code    88  memcmp.o(.text)
    strcpy                                   0x0800046f   Thumb Code    72  strcpy.o(.text)
    __aeabi_memclr                           0x080004b7   Thumb Code     0  rt_memclr.o(.text)
    __rt_memclr                              0x080004b7   Thumb Code    68  rt_memclr.o(.text)
    _memset                                  0x080004bb   Thumb Code     0  rt_memclr.o(.text)
    __use_two_region_memory                  0x080004fb   Thumb Code     2  heapauxi.o(.text)
    __rt_heap_escrow$2region                 0x080004fd   Thumb Code     2  heapauxi.o(.text)
    __rt_heap_expand$2region                 0x080004ff   Thumb Code     2  heapauxi.o(.text)
    __aeabi_errno_addr                       0x08000501   Thumb Code     8  rt_errno_addr_intlibspace.o(.text)
    __errno$intlibspace                      0x08000501   Thumb Code     0  rt_errno_addr_intlibspace.o(.text)
    __rt_errno_addr$intlibspace              0x08000501   Thumb Code     0  rt_errno_addr_intlibspace.o(.text)
    _printf_int_common                       0x08000509   Thumb Code   178  _printf_intcommon.o(.text)
    _printf_char_common                      0x080005c7   Thumb Code    32  _printf_char_common.o(.text)
    _sputc                                   0x080005ed   Thumb Code    10  _sputc.o(.text)
    strtol                                   0x080005f7   Thumb Code   112  strtol.o(.text)
    __aeabi_memclr4                          0x08000667   Thumb Code     0  rt_memclr_w.o(.text)
    __aeabi_memclr8                          0x08000667   Thumb Code     0  rt_memclr_w.o(.text)
    __rt_memclr_w                            0x08000667   Thumb Code    78  rt_memclr_w.o(.text)
    _memset_w                                0x0800066b   Thumb Code     0  rt_memclr_w.o(.text)
    __user_libspace                          0x080006b5   Thumb Code     8  libspace.o(.text)
    __user_perproc_libspace                  0x080006b5   Thumb Code     0  libspace.o(.text)
    __user_perthread_libspace                0x080006b5   Thumb Code     0  libspace.o(.text)
    __rt_ctype_table                         0x080006bd   Thumb Code    16  rt_ctype_table.o(.text)
    _strtoul                                 0x080006cd   Thumb Code   158  _strtoul.o(.text)
    __user_setup_stackheap                   0x0800076b   Thumb Code    74  sys_stackheap_outer.o(.text)
    __rt_locale                              0x080007b5   Thumb Code     8  rt_locale_intlibspace.o(.text)
    _chval                                   0x080007bd   Thumb Code    28  _chval.o(.text)
    exit                                     0x080007d9   Thumb Code    18  exit.o(.text)
    strcmp                                   0x080007ed   Thumb Code   128  strcmpv7m.o(.text)
    Add_FR                                   0x0800086d   Thumb Code  1396  as608.o(i.Add_FR)
    Administrator                            0x08000de9   Thumb Code   874  main.o(i.Administrator)
    BusFault_Handler                         0x08001175   Thumb Code     4  stm32f4xx_it.o(i.BusFault_Handler)
    DOOR_Open                                0x08001179   Thumb Code   112  main.o(i.DOOR_Open)
    DebugMon_Handler                         0x080011f1   Thumb Code     2  stm32f4xx_it.o(i.DebugMon_Handler)
    Delay_ms                                 0x080011f3   Thumb Code    26  delay.o(i.Delay_ms)
    Delay_us                                 0x0800120d   Thumb Code    54  delay.o(i.Delay_us)
    EnsureMessage                            0x08001245   Thumb Code  1572  as608.o(i.EnsureMessage)
    GPIO_Init                                0x08001871   Thumb Code   144  stm32f4xx_gpio.o(i.GPIO_Init)
    GPIO_PinAFConfig                         0x08001901   Thumb Code    70  stm32f4xx_gpio.o(i.GPIO_PinAFConfig)
    GPIO_ReadInputDataBit                    0x08001947   Thumb Code    18  stm32f4xx_gpio.o(i.GPIO_ReadInputDataBit)
    GPIO_ResetBits                           0x08001959   Thumb Code     4  stm32f4xx_gpio.o(i.GPIO_ResetBits)
    GPIO_SetBits                             0x0800195d   Thumb Code     4  stm32f4xx_gpio.o(i.GPIO_SetBits)
    HardFault_Handler                        0x08001961   Thumb Code     4  stm32f4xx_it.o(i.HardFault_Handler)
    IIC_Start                                0x080019c1   Thumb Code    62  oled.o(i.IIC_Start)
    IIC_Stop                                 0x08001a05   Thumb Code    62  oled.o(i.IIC_Stop)
    IIC_Wait_Ack                             0x08001a49   Thumb Code    76  oled.o(i.IIC_Wait_Ack)
    Key_Init                                 0x08001b21   Thumb Code    82  key.o(i.Key_Init)
    LED_Config                               0x08001b79   Thumb Code    60  led.o(i.LED_Config)
    MemManage_Handler                        0x08001bd5   Thumb Code     4  stm32f4xx_it.o(i.MemManage_Handler)
    NMI_Handler                              0x08001bd9   Thumb Code     2  stm32f4xx_it.o(i.NMI_Handler)
    NVIC_Init                                0x08001bdd   Thumb Code   106  misc.o(i.NVIC_Init)
    NVIC_PriorityGroupConfig                 0x08001c55   Thumb Code    10  misc.o(i.NVIC_PriorityGroupConfig)
    OLED_Clear                               0x08001c69   Thumb Code    62  oled.o(i.OLED_Clear)
    OLED_DrawBMP                             0x08001ca7   Thumb Code   118  oled.o(i.OLED_DrawBMP)
    OLED_Init                                0x08001d1d   Thumb Code   282  oled.o(i.OLED_Init)
    OLED_Set_Pos                             0x08001e3d   Thumb Code    40  oled.o(i.OLED_Set_Pos)
    OLED_ShowCHinese                         0x08001e65   Thumb Code    98  oled.o(i.OLED_ShowCHinese)
    OLED_ShowChar                            0x08001ecd   Thumb Code   154  oled.o(i.OLED_ShowChar)
    OLED_ShowString                          0x08001f71   Thumb Code    58  oled.o(i.OLED_ShowString)
    OLED_WR_Byte                             0x08001fab   Thumb Code    24  oled.o(i.OLED_WR_Byte)
    PS_DeletChar                             0x08001fc3   Thumb Code   108  as608.o(i.PS_DeletChar)
    PS_GenChar                               0x0800202f   Thumb Code    70  as608.o(i.PS_GenChar)
    PS_GetImage                              0x08002075   Thumb Code    58  as608.o(i.PS_GetImage)
    PS_HighSpeedSearch                       0x080020af   Thumb Code   144  as608.o(i.PS_HighSpeedSearch)
    PS_Match                                 0x0800213f   Thumb Code    58  as608.o(i.PS_Match)
    PS_RegModel                              0x08002179   Thumb Code    58  as608.o(i.PS_RegModel)
    PS_StoreChar                             0x080021b3   Thumb Code    96  as608.o(i.PS_StoreChar)
    PasswordInput                            0x08002215   Thumb Code   740  main.o(i.PasswordInput)
    Password_Create                          0x08002519   Thumb Code   636  main.o(i.Password_Create)
    PendSV_Handler                           0x080027a5   Thumb Code     2  stm32f4xx_it.o(i.PendSV_Handler)
    RCC_AHB1PeriphClockCmd                   0x080027a9   Thumb Code    26  stm32f4xx_rcc.o(i.RCC_AHB1PeriphClockCmd)
    RCC_APB1PeriphClockCmd                   0x080027c9   Thumb Code    26  stm32f4xx_rcc.o(i.RCC_APB1PeriphClockCmd)
    RCC_APB2PeriphClockCmd                   0x080027e9   Thumb Code    26  stm32f4xx_rcc.o(i.RCC_APB2PeriphClockCmd)
    RCC_GetClocksFreq                        0x08002809   Thumb Code   214  stm32f4xx_rcc.o(i.RCC_GetClocksFreq)
    Relay_Config                             0x080028f1   Thumb Code    50  relay.o(i.Relay_Config)
    SVC_Handler                              0x08002929   Thumb Code     2  stm32f4xx_it.o(i.SVC_Handler)
    ShowErrMessage                           0x08002a9d   Thumb Code    12  as608.o(i.ShowErrMessage)
    SystemInit                               0x08002aa9   Thumb Code    88  system_stm32f4xx.o(i.SystemInit)
    TIM7_IRQHandler                          0x08002b11   Thumb Code    42  timer.o(i.TIM7_IRQHandler)
    TIM7_Int_Init                            0x08002b45   Thumb Code    86  timer.o(i.TIM7_Int_Init)
    TIM_ClearITPendingBit                    0x08002ba1   Thumb Code     6  stm32f4xx_tim.o(i.TIM_ClearITPendingBit)
    TIM_Cmd                                  0x08002ba7   Thumb Code    24  stm32f4xx_tim.o(i.TIM_Cmd)
    TIM_GetITStatus                          0x08002bbf   Thumb Code    34  stm32f4xx_tim.o(i.TIM_GetITStatus)
    TIM_ITConfig                             0x08002be1   Thumb Code    18  stm32f4xx_tim.o(i.TIM_ITConfig)
    TIM_SetCounter                           0x08002bf3   Thumb Code     4  stm32f4xx_tim.o(i.TIM_SetCounter)
    TIM_TimeBaseInit                         0x08002bf9   Thumb Code   104  stm32f4xx_tim.o(i.TIM_TimeBaseInit)
    USART1_IRQHandler                        0x08002c7d   Thumb Code   120  usart1.o(i.USART1_IRQHandler)
    USART2_Config                            0x08002d01   Thumb Code   188  usart.o(i.USART2_Config)
    USART2_IRQHandler                        0x08002dcd   Thumb Code    94  usart.o(i.USART2_IRQHandler)
    USART_ClearFlag                          0x08002e3d   Thumb Code    18  stm32f4xx_usart.o(i.USART_ClearFlag)
    USART_Cmd                                0x08002e4f   Thumb Code    24  stm32f4xx_usart.o(i.USART_Cmd)
    USART_GetITStatus                        0x08002e67   Thumb Code    84  stm32f4xx_usart.o(i.USART_GetITStatus)
    USART_ITConfig                           0x08002ebb   Thumb Code    74  stm32f4xx_usart.o(i.USART_ITConfig)
    USART_Init                               0x08002f05   Thumb Code   204  stm32f4xx_usart.o(i.USART_Init)
    USART_ReceiveData                        0x08002fd9   Thumb Code    10  stm32f4xx_usart.o(i.USART_ReceiveData)
    UsageFault_Handler                       0x08002fe3   Thumb Code     4  stm32f4xx_it.o(i.UsageFault_Handler)
    Write_IIC_Byte                           0x08002fe9   Thumb Code   116  oled.o(i.Write_IIC_Byte)
    Write_IIC_Command                        0x08003061   Thumb Code    44  oled.o(i.Write_IIC_Command)
    Write_IIC_Data                           0x0800308d   Thumb Code    44  oled.o(i.Write_IIC_Data)
    _sys_exit                                0x080030b9   Thumb Code     2  printf.o(i._sys_exit)
    delay_ms                                 0x080030bb   Thumb Code    26  delay.o(i.delay_ms)
    delay_us                                 0x080030d5   Thumb Code    54  delay.o(i.delay_us)
    get_key                                  0x0800310d   Thumb Code  1316  key.o(i.get_key)
    main                                     0x08003649   Thumb Code   208  main.o(i.main)
    press_FR                                 0x08003721   Thumb Code   956  as608.o(i.press_FR)
    uart1_init                               0x08003afd   Thumb Code   172  usart1.o(i.uart1_init)
    _get_lc_ctype                            0x08003bb1   Thumb Code    44  lc_ctype_c.o(locale$$code)
    _fp_init                                 0x08003bdd   Thumb Code    10  fpinit.o(x$fpl$fpinit)
    __fplib_config_fpu_vfp                   0x08003be5   Thumb Code     0  fpinit.o(x$fpl$fpinit)
    __fplib_config_pureend_doubles           0x08003be5   Thumb Code     0  fpinit.o(x$fpl$fpinit)
    F6x8                                     0x08003be6   Data         552  oled.o(.constdata)
    F8X16                                    0x08003e0e   Data        1520  oled.o(.constdata)
    Region$$Table$$Base                      0x08004400   Number         0  anon$$obj.o(Region$$Table)
    Region$$Table$$Limit                     0x08004420   Number         0  anon$$obj.o(Region$$Table)
    __ctype                                  0x0800442d   Data           0  lc_ctype_c.o(locale$$data)
    Hzk                                      0x20000010   Data        8832  oled.o(.data)
    USART2_RX_STA                            0x20002290   Data           2  usart.o(.data)
    AS608Addr                                0x20002294   Data           4  as608.o(.data)
    str2                                     0x20002298   Data           6  as608.o(.data)
    KeyState                                 0x2000229e   Data           1  key.o(.data)
    keyflag1                                 0x2000229f   Data           1  key.o(.data)
    keyflag2                                 0x200022a0   Data           1  key.o(.data)
    keyflag3                                 0x200022a1   Data           1  key.o(.data)
    keyflag4                                 0x200022a2   Data           1  key.o(.data)
    keyflag5                                 0x200022a3   Data           1  key.o(.data)
    keyflag6                                 0x200022a4   Data           1  key.o(.data)
    keyflag7                                 0x200022a5   Data           1  key.o(.data)
    keyflag8                                 0x200022a6   Data           1  key.o(.data)
    keyflag9                                 0x200022a7   Data           1  key.o(.data)
    keyflag10                                0x200022a8   Data           1  key.o(.data)
    keyflag11                                0x200022a9   Data           1  key.o(.data)
    keyflag12                                0x200022aa   Data           1  key.o(.data)
    keyflag13                                0x200022ab   Data           1  key.o(.data)
    keyflag14                                0x200022ac   Data           1  key.o(.data)
    keyflag15                                0x200022ad   Data           1  key.o(.data)
    keyflag16                                0x200022ae   Data           1  key.o(.data)
    uart_byte_count                          0x200022af   Data           1  usart1.o(.data)
    BMP1                                     0x200022b0   Data         210  main.o(.data)
    PwdIn_Buf                                0x20002382   Data           5  main.o(.data)
    PwdIn_cnt                                0x20002388   Data           4  main.o(.data)
    PwdAlarmLimit                            0x2000238c   Data           1  main.o(.data)
    status                                   0x2000238d   Data           1  main.o(.data)
    box_cnt                                  0x20002390   Data           4  main.o(.data)
    pwd_count                                0x20002394   Data           4  main.o(.data)
    USART2_RX_BUF                            0x20002398   Data         400  usart.o(.bss)
    USART2_TX_BUF                            0x20002528   Data         400  usart.o(.bss)
    box                                      0x200026b8   Data         400  as608.o(.bss)
    AS608Para                                0x20002848   Data          12  as608.o(.bss)
    receive_str                              0x20002854   Data         100  usart1.o(.bss)
    pwd_buf                                  0x200028b8   Data          20  main.o(.bss)
    __libspace_start                         0x200028cc   Data          96  libspace.o(.bss)
    __temporary_stack_top$libspace           0x2000292c   Data           0  libspace.o(.bss)



==============================================================================

Memory Map of the image

  Image Entry point : 0x08000189

  Load Region LR_IROM1 (Base: 0x08000000, Size: 0x000068c8, Max: 0x00080000, ABSOLUTE, COMPRESSED[0x000052ac])

    Execution Region ER_IROM1 (Exec base: 0x08000000, Load base: 0x08000000, Size: 0x00004530, Max: 0x00080000, ABSOLUTE)

    Exec Addr    Load Addr    Size         Type   Attr      Idx    E Section Name        Object

    0x08000000   0x08000000   0x00000188   Data   RO            3    RESET               startup_stm32f40_41xxx.o
    0x08000188   0x08000188   0x00000008   Code   RO         2758  * !!!main             c_w.l(__main.o)
    0x08000190   0x08000190   0x00000034   Code   RO         2953    !!!scatter          c_w.l(__scatter.o)
    0x080001c4   0x080001c4   0x00000064   Code   RO         2951    !!dclz77c           c_w.l(__dclz77c.o)
    0x08000228   0x08000228   0x0000001c   Code   RO         2955    !!handler_zi        c_w.l(__scatter_zi.o)
    0x08000244   0x08000244   0x00000000   Code   RO         2745    .ARM.Collect$$_printf_percent$$00000000  c_w.l(_printf_percent.o)
    0x08000244   0x08000244   0x00000006   Code   RO         2744    .ARM.Collect$$_printf_percent$$00000009  c_w.l(_printf_d.o)
    0x0800024a   0x0800024a   0x00000004   Code   RO         2774    .ARM.Collect$$_printf_percent$$00000017  c_w.l(_printf_percent_end.o)
    0x0800024e   0x0800024e   0x00000002   Code   RO         2826    .ARM.Collect$$libinit$$00000000  c_w.l(libinit.o)
    0x08000250   0x08000250   0x00000004   Code   RO         2831    .ARM.Collect$$libinit$$00000001  c_w.l(libinit2.o)
    0x08000254   0x08000254   0x00000000   Code   RO         2834    .ARM.Collect$$libinit$$00000004  c_w.l(libinit2.o)
    0x08000254   0x08000254   0x00000000   Code   RO         2837    .ARM.Collect$$libinit$$0000000A  c_w.l(libinit2.o)
    0x08000254   0x08000254   0x00000000   Code   RO         2839    .ARM.Collect$$libinit$$0000000C  c_w.l(libinit2.o)
    0x08000254   0x08000254   0x00000000   Code   RO         2841    .ARM.Collect$$libinit$$0000000E  c_w.l(libinit2.o)
    0x08000254   0x08000254   0x00000006   Code   RO         2842    .ARM.Collect$$libinit$$0000000F  c_w.l(libinit2.o)
    0x0800025a   0x0800025a   0x00000000   Code   RO         2844    .ARM.Collect$$libinit$$00000011  c_w.l(libinit2.o)
    0x0800025a   0x0800025a   0x0000000c   Code   RO         2845    .ARM.Collect$$libinit$$00000012  c_w.l(libinit2.o)
    0x08000266   0x08000266   0x00000000   Code   RO         2846    .ARM.Collect$$libinit$$00000013  c_w.l(libinit2.o)
    0x08000266   0x08000266   0x00000000   Code   RO         2848    .ARM.Collect$$libinit$$00000015  c_w.l(libinit2.o)
    0x08000266   0x08000266   0x00000000   Code   RO         2850    .ARM.Collect$$libinit$$00000017  c_w.l(libinit2.o)
    0x08000266   0x08000266   0x00000000   Code   RO         2852    .ARM.Collect$$libinit$$00000019  c_w.l(libinit2.o)
    0x08000266   0x08000266   0x00000000   Code   RO         2854    .ARM.Collect$$libinit$$0000001B  c_w.l(libinit2.o)
    0x08000266   0x08000266   0x00000000   Code   RO         2856    .ARM.Collect$$libinit$$0000001D  c_w.l(libinit2.o)
    0x08000266   0x08000266   0x00000000   Code   RO         2858    .ARM.Collect$$libinit$$0000001F  c_w.l(libinit2.o)
    0x08000266   0x08000266   0x00000000   Code   RO         2860    .ARM.Collect$$libinit$$00000021  c_w.l(libinit2.o)
    0x08000266   0x08000266   0x00000000   Code   RO         2862    .ARM.Collect$$libinit$$00000023  c_w.l(libinit2.o)
    0x08000266   0x08000266   0x00000000   Code   RO         2864    .ARM.Collect$$libinit$$00000025  c_w.l(libinit2.o)
    0x08000266   0x08000266   0x00000000   Code   RO         2868    .ARM.Collect$$libinit$$0000002C  c_w.l(libinit2.o)
    0x08000266   0x08000266   0x00000000   Code   RO         2870    .ARM.Collect$$libinit$$0000002E  c_w.l(libinit2.o)
    0x08000266   0x08000266   0x00000000   Code   RO         2872    .ARM.Collect$$libinit$$00000030  c_w.l(libinit2.o)
    0x08000266   0x08000266   0x00000000   Code   RO         2874    .ARM.Collect$$libinit$$00000032  c_w.l(libinit2.o)
    0x08000266   0x08000266   0x00000002   Code   RO         2875    .ARM.Collect$$libinit$$00000033  c_w.l(libinit2.o)
    0x08000268   0x08000268   0x00000002   Code   RO         2893    .ARM.Collect$$libshutdown$$00000000  c_w.l(libshutdown.o)
    0x0800026a   0x0800026a   0x00000000   Code   RO         2903    .ARM.Collect$$libshutdown$$00000002  c_w.l(libshutdown2.o)
    0x0800026a   0x0800026a   0x00000000   Code   RO         2905    .ARM.Collect$$libshutdown$$00000004  c_w.l(libshutdown2.o)
    0x0800026a   0x0800026a   0x00000000   Code   RO         2908    .ARM.Collect$$libshutdown$$00000007  c_w.l(libshutdown2.o)
    0x0800026a   0x0800026a   0x00000000   Code   RO         2911    .ARM.Collect$$libshutdown$$0000000A  c_w.l(libshutdown2.o)
    0x0800026a   0x0800026a   0x00000000   Code   RO         2913    .ARM.Collect$$libshutdown$$0000000C  c_w.l(libshutdown2.o)
    0x0800026a   0x0800026a   0x00000000   Code   RO         2916    .ARM.Collect$$libshutdown$$0000000F  c_w.l(libshutdown2.o)
    0x0800026a   0x0800026a   0x00000002   Code   RO         2917    .ARM.Collect$$libshutdown$$00000010  c_w.l(libshutdown2.o)
    0x0800026c   0x0800026c   0x00000000   Code   RO         2760    .ARM.Collect$$rtentry$$00000000  c_w.l(__rtentry.o)
    0x0800026c   0x0800026c   0x00000000   Code   RO         2783    .ARM.Collect$$rtentry$$00000002  c_w.l(__rtentry2.o)
    0x0800026c   0x0800026c   0x00000006   Code   RO         2795    .ARM.Collect$$rtentry$$00000004  c_w.l(__rtentry4.o)
    0x08000272   0x08000272   0x00000000   Code   RO         2785    .ARM.Collect$$rtentry$$00000009  c_w.l(__rtentry2.o)
    0x08000272   0x08000272   0x00000004   Code   RO         2786    .ARM.Collect$$rtentry$$0000000A  c_w.l(__rtentry2.o)
    0x08000276   0x08000276   0x00000000   Code   RO         2788    .ARM.Collect$$rtentry$$0000000C  c_w.l(__rtentry2.o)
    0x08000276   0x08000276   0x00000008   Code   RO         2789    .ARM.Collect$$rtentry$$0000000D  c_w.l(__rtentry2.o)
    0x0800027e   0x0800027e   0x00000002   Code   RO         2827    .ARM.Collect$$rtexit$$00000000  c_w.l(rtexit.o)
    0x08000280   0x08000280   0x00000000   Code   RO         2877    .ARM.Collect$$rtexit$$00000002  c_w.l(rtexit2.o)
    0x08000280   0x08000280   0x00000004   Code   RO         2878    .ARM.Collect$$rtexit$$00000003  c_w.l(rtexit2.o)
    0x08000284   0x08000284   0x00000006   Code   RO         2879    .ARM.Collect$$rtexit$$00000004  c_w.l(rtexit2.o)
    0x0800028a   0x0800028a   0x00000002   PAD
    0x0800028c   0x0800028c   0x00000040   Code   RO            4    .text               startup_stm32f40_41xxx.o
    0x080002cc   0x080002cc   0x00000002   Code   RO         2688    .text               c_w.l(use_no_semi.o)
    0x080002ce   0x080002ce   0x00000002   PAD
    0x080002d0   0x080002d0   0x00000028   Code   RO         2696    .text               c_w.l(noretval__2sprintf.o)
    0x080002f8   0x080002f8   0x00000068   Code   RO         2698    .text               c_w.l(__printf.o)
    0x08000360   0x08000360   0x00000078   Code   RO         2700    .text               c_w.l(_printf_dec.o)
    0x080003d8   0x080003d8   0x0000001a   Code   RO         2746    .text               c_w.l(atoi.o)
    0x080003f2   0x080003f2   0x00000024   Code   RO         2748    .text               c_w.l(strstr.o)
    0x08000416   0x08000416   0x00000058   Code   RO         2750    .text               c_w.l(memcmp.o)
    0x0800046e   0x0800046e   0x00000048   Code   RO         2752    .text               c_w.l(strcpy.o)
    0x080004b6   0x080004b6   0x00000044   Code   RO         2754    .text               c_w.l(rt_memclr.o)
    0x080004fa   0x080004fa   0x00000006   Code   RO         2756    .text               c_w.l(heapauxi.o)
    0x08000500   0x08000500   0x00000008   Code   RO         2764    .text               c_w.l(rt_errno_addr_intlibspace.o)
    0x08000508   0x08000508   0x000000b2   Code   RO         2766    .text               c_w.l(_printf_intcommon.o)
    0x080005ba   0x080005ba   0x00000002   PAD
    0x080005bc   0x080005bc   0x00000030   Code   RO         2768    .text               c_w.l(_printf_char_common.o)
    0x080005ec   0x080005ec   0x0000000a   Code   RO         2770    .text               c_w.l(_sputc.o)
    0x080005f6   0x080005f6   0x00000070   Code   RO         2775    .text               c_w.l(strtol.o)
    0x08000666   0x08000666   0x0000004e   Code   RO         2777    .text               c_w.l(rt_memclr_w.o)
    0x080006b4   0x080006b4   0x00000008   Code   RO         2779    .text               c_w.l(libspace.o)
    0x080006bc   0x080006bc   0x00000010   Code   RO         2797    .text               c_w.l(rt_ctype_table.o)
    0x080006cc   0x080006cc   0x0000009e   Code   RO         2801    .text               c_w.l(_strtoul.o)
    0x0800076a   0x0800076a   0x0000004a   Code   RO         2807    .text               c_w.l(sys_stackheap_outer.o)
    0x080007b4   0x080007b4   0x00000008   Code   RO         2812    .text               c_w.l(rt_locale_intlibspace.o)
    0x080007bc   0x080007bc   0x0000001c   Code   RO         2814    .text               c_w.l(_chval.o)
    0x080007d8   0x080007d8   0x00000012   Code   RO         2819    .text               c_w.l(exit.o)
    0x080007ea   0x080007ea   0x00000002   PAD
    0x080007ec   0x080007ec   0x00000080   Code   RO         2829    .text               c_w.l(strcmpv7m.o)
    0x0800086c   0x0800086c   0x0000057c   Code   RO         2047    i.Add_FR            as608.o
    0x08000de8   0x08000de8   0x0000038c   Code   RO         2477    i.Administrator     main.o
    0x08001174   0x08001174   0x00000004   Code   RO         2540    i.BusFault_Handler  stm32f4xx_it.o
    0x08001178   0x08001178   0x00000078   Code   RO         2478    i.DOOR_Open         main.o
    0x080011f0   0x080011f0   0x00000002   Code   RO         2541    i.DebugMon_Handler  stm32f4xx_it.o
    0x080011f2   0x080011f2   0x0000001a   Code   RO         2605    i.Delay_ms          delay.o
    0x0800120c   0x0800120c   0x00000036   Code   RO         2607    i.Delay_us          delay.o
    0x08001242   0x08001242   0x00000002   PAD
    0x08001244   0x08001244   0x0000062c   Code   RO         2049    i.EnsureMessage     as608.o
    0x08001870   0x08001870   0x00000090   Code   RO          496    i.GPIO_Init         stm32f4xx_gpio.o
    0x08001900   0x08001900   0x00000046   Code   RO          497    i.GPIO_PinAFConfig  stm32f4xx_gpio.o
    0x08001946   0x08001946   0x00000012   Code   RO          500    i.GPIO_ReadInputDataBit  stm32f4xx_gpio.o
    0x08001958   0x08001958   0x00000004   Code   RO          503    i.GPIO_ResetBits    stm32f4xx_gpio.o
    0x0800195c   0x0800195c   0x00000004   Code   RO          504    i.GPIO_SetBits      stm32f4xx_gpio.o
    0x08001960   0x08001960   0x00000004   Code   RO         2542    i.HardFault_Handler  stm32f4xx_it.o
    0x08001964   0x08001964   0x00000028   Code   RO         1778    i.IIC_SDASetInputMode  oled.o
    0x0800198c   0x0800198c   0x00000034   Code   RO         1779    i.IIC_SDASetOutputMode  oled.o
    0x080019c0   0x080019c0   0x00000044   Code   RO         1780    i.IIC_Start         oled.o
    0x08001a04   0x08001a04   0x00000044   Code   RO         1781    i.IIC_Stop          oled.o
    0x08001a48   0x08001a48   0x00000050   Code   RO         1782    i.IIC_Wait_Ack      oled.o
    0x08001a98   0x08001a98   0x00000088   Code   RO         2050    i.JudgeStr          as608.o
    0x08001b20   0x08001b20   0x00000058   Code   RO         2293    i.Key_Init          key.o
    0x08001b78   0x08001b78   0x00000040   Code   RO         2417    i.LED_Config        led.o
    0x08001bb8   0x08001bb8   0x0000001c   Code   RO         2051    i.MYUSART_SendData  as608.o
    0x08001bd4   0x08001bd4   0x00000004   Code   RO         2543    i.MemManage_Handler  stm32f4xx_it.o
    0x08001bd8   0x08001bd8   0x00000002   Code   RO         2544    i.NMI_Handler       stm32f4xx_it.o
    0x08001bda   0x08001bda   0x00000002   PAD
    0x08001bdc   0x08001bdc   0x00000078   Code   RO           12    i.NVIC_Init         misc.o
    0x08001c54   0x08001c54   0x00000014   Code   RO           13    i.NVIC_PriorityGroupConfig  misc.o
    0x08001c68   0x08001c68   0x0000003e   Code   RO         1783    i.OLED_Clear        oled.o
    0x08001ca6   0x08001ca6   0x00000076   Code   RO         1786    i.OLED_DrawBMP      oled.o
    0x08001d1c   0x08001d1c   0x00000120   Code   RO         1787    i.OLED_Init         oled.o
    0x08001e3c   0x08001e3c   0x00000028   Code   RO         1789    i.OLED_Set_Pos      oled.o
    0x08001e64   0x08001e64   0x00000068   Code   RO         1790    i.OLED_ShowCHinese  oled.o
    0x08001ecc   0x08001ecc   0x000000a4   Code   RO         1791    i.OLED_ShowChar     oled.o
    0x08001f70   0x08001f70   0x0000003a   Code   RO         1793    i.OLED_ShowString   oled.o
    0x08001faa   0x08001faa   0x00000018   Code   RO         1794    i.OLED_WR_Byte      oled.o
    0x08001fc2   0x08001fc2   0x0000006c   Code   RO         2052    i.PS_DeletChar      as608.o
    0x0800202e   0x0800202e   0x00000046   Code   RO         2054    i.PS_GenChar        as608.o
    0x08002074   0x08002074   0x0000003a   Code   RO         2055    i.PS_GetImage       as608.o
    0x080020ae   0x080020ae   0x00000090   Code   RO         2057    i.PS_HighSpeedSearch  as608.o
    0x0800213e   0x0800213e   0x0000003a   Code   RO         2058    i.PS_Match          as608.o
    0x08002178   0x08002178   0x0000003a   Code   RO         2061    i.PS_RegModel       as608.o
    0x080021b2   0x080021b2   0x00000060   Code   RO         2064    i.PS_StoreChar      as608.o
    0x08002212   0x08002212   0x00000002   PAD
    0x08002214   0x08002214   0x00000304   Code   RO         2479    i.PasswordInput     main.o
    0x08002518   0x08002518   0x0000028c   Code   RO         2480    i.Password_Create   main.o
    0x080027a4   0x080027a4   0x00000002   Code   RO         2545    i.PendSV_Handler    stm32f4xx_it.o
    0x080027a6   0x080027a6   0x00000002   PAD
    0x080027a8   0x080027a8   0x00000020   Code   RO          161    i.RCC_AHB1PeriphClockCmd  stm32f4xx_rcc.o
    0x080027c8   0x080027c8   0x00000020   Code   RO          170    i.RCC_APB1PeriphClockCmd  stm32f4xx_rcc.o
    0x080027e8   0x080027e8   0x00000020   Code   RO          173    i.RCC_APB2PeriphClockCmd  stm32f4xx_rcc.o
    0x08002808   0x08002808   0x000000e8   Code   RO          182    i.RCC_GetClocksFreq  stm32f4xx_rcc.o
    0x080028f0   0x080028f0   0x00000038   Code   RO         1753    i.Relay_Config      relay.o
    0x08002928   0x08002928   0x00000002   Code   RO         2546    i.SVC_Handler       stm32f4xx_it.o
    0x0800292a   0x0800292a   0x00000002   PAD
    0x0800292c   0x0800292c   0x00000034   Code   RO         2068    i.SendAddr          as608.o
    0x08002960   0x08002960   0x00000012   Code   RO         2069    i.SendCheck         as608.o
    0x08002972   0x08002972   0x0000000c   Code   RO         2070    i.SendFlag          as608.o
    0x0800297e   0x0800297e   0x00000010   Code   RO         2071    i.SendHead          as608.o
    0x0800298e   0x0800298e   0x00000014   Code   RO         2072    i.SendLength        as608.o
    0x080029a2   0x080029a2   0x0000000c   Code   RO         2073    i.Sendcmd           as608.o
    0x080029ae   0x080029ae   0x00000002   PAD
    0x080029b0   0x080029b0   0x000000ec   Code   RO         2440    i.SetSysClock       system_stm32f4xx.o
    0x08002a9c   0x08002a9c   0x0000000c   Code   RO         2074    i.ShowErrMessage    as608.o
    0x08002aa8   0x08002aa8   0x00000068   Code   RO         2442    i.SystemInit        system_stm32f4xx.o
    0x08002b10   0x08002b10   0x00000034   Code   RO         2260    i.TIM7_IRQHandler   timer.o
    0x08002b44   0x08002b44   0x0000005c   Code   RO         2261    i.TIM7_Int_Init     timer.o
    0x08002ba0   0x08002ba0   0x00000006   Code   RO          722    i.TIM_ClearITPendingBit  stm32f4xx_tim.o
    0x08002ba6   0x08002ba6   0x00000018   Code   RO          727    i.TIM_Cmd           stm32f4xx_tim.o
    0x08002bbe   0x08002bbe   0x00000022   Code   RO          748    i.TIM_GetITStatus   stm32f4xx_tim.o
    0x08002be0   0x08002be0   0x00000012   Code   RO          752    i.TIM_ITConfig      stm32f4xx_tim.o
    0x08002bf2   0x08002bf2   0x00000004   Code   RO          793    i.TIM_SetCounter    stm32f4xx_tim.o
    0x08002bf6   0x08002bf6   0x00000002   PAD
    0x08002bf8   0x08002bf8   0x00000084   Code   RO          799    i.TIM_TimeBaseInit  stm32f4xx_tim.o
    0x08002c7c   0x08002c7c   0x00000084   Code   RO         2362    i.USART1_IRQHandler  usart1.o
    0x08002d00   0x08002d00   0x000000cc   Code   RO         1974    i.USART2_Config     usart.o
    0x08002dcc   0x08002dcc   0x00000070   Code   RO         1975    i.USART2_IRQHandler  usart.o
    0x08002e3c   0x08002e3c   0x00000012   Code   RO         1273    i.USART_ClearFlag   stm32f4xx_usart.o
    0x08002e4e   0x08002e4e   0x00000018   Code   RO         1277    i.USART_Cmd         stm32f4xx_usart.o
    0x08002e66   0x08002e66   0x00000054   Code   RO         1281    i.USART_GetITStatus  stm32f4xx_usart.o
    0x08002eba   0x08002eba   0x0000004a   Code   RO         1283    i.USART_ITConfig    stm32f4xx_usart.o
    0x08002f04   0x08002f04   0x000000d4   Code   RO         1284    i.USART_Init        stm32f4xx_usart.o
    0x08002fd8   0x08002fd8   0x0000000a   Code   RO         1291    i.USART_ReceiveData  stm32f4xx_usart.o
    0x08002fe2   0x08002fe2   0x00000004   Code   RO         2547    i.UsageFault_Handler  stm32f4xx_it.o
    0x08002fe6   0x08002fe6   0x00000002   PAD
    0x08002fe8   0x08002fe8   0x00000078   Code   RO         1795    i.Write_IIC_Byte    oled.o
    0x08003060   0x08003060   0x0000002c   Code   RO         1796    i.Write_IIC_Command  oled.o
    0x0800308c   0x0800308c   0x0000002c   Code   RO         1797    i.Write_IIC_Data    oled.o
    0x080030b8   0x080030b8   0x00000002   Code   RO         2329    i._sys_exit         printf.o
    0x080030ba   0x080030ba   0x0000001a   Code   RO         2611    i.delay_ms          delay.o
    0x080030d4   0x080030d4   0x00000036   Code   RO         2615    i.delay_us          delay.o
    0x0800310a   0x0800310a   0x00000002   PAD
    0x0800310c   0x0800310c   0x0000053c   Code   RO         2294    i.get_key           key.o
    0x08003648   0x08003648   0x000000d8   Code   RO         2481    i.main              main.o
    0x08003720   0x08003720   0x000003dc   Code   RO         2075    i.press_FR          as608.o
    0x08003afc   0x08003afc   0x000000b4   Code   RO         2365    i.uart1_init        usart1.o
    0x08003bb0   0x08003bb0   0x0000002c   Code   RO         2817    locale$$code        c_w.l(lc_ctype_c.o)
    0x08003bdc   0x08003bdc   0x0000000a   Code   RO         2885    x$fpl$fpinit        fz_wm.l(fpinit.o)
    0x08003be6   0x08003be6   0x00000818   Data   RO         1800    .constdata          oled.o
    0x080043fe   0x080043fe   0x00000002   PAD
    0x08004400   0x08004400   0x00000020   Data   RO         2949    Region$$Table       anon$$obj.o
    0x08004420   0x08004420   0x00000110   Data   RO         2816    locale$$data        c_w.l(lc_ctype_c.o)


    Execution Region RW_IRAM1 (Exec base: 0x20000000, Load base: 0x08004530, Size: 0x00002f30, Max: 0x00020000, ABSOLUTE, COMPRESSED[0x00000d7c])

    Exec Addr    Load Addr    Size         Type   Attr      Idx    E Section Name        Object

    0x20000000   COMPRESSED   0x00000010   Data   RW          214    .data               stm32f4xx_rcc.o
    0x20000010   COMPRESSED   0x00002280   Data   RW         1801    .data               oled.o
    0x20002290   COMPRESSED   0x00000002   Data   RW         1982    .data               usart.o
    0x20002292   COMPRESSED   0x00000002   PAD
    0x20002294   COMPRESSED   0x0000000a   Data   RW         2077    .data               as608.o
    0x2000229e   COMPRESSED   0x00000011   Data   RW         2295    .data               key.o
    0x200022af   COMPRESSED   0x00000001   Data   RW         2367    .data               usart1.o
    0x200022b0   COMPRESSED   0x000000e8   Data   RW         2483    .data               main.o
    0x20002398        -       0x00000320   Zero   RW         1981    .bss                usart.o
    0x200026b8        -       0x0000019c   Zero   RW         2076    .bss                as608.o
    0x20002854        -       0x00000064   Zero   RW         2366    .bss                usart1.o
    0x200028b8        -       0x00000014   Zero   RW         2482    .bss                main.o
    0x200028cc        -       0x00000060   Zero   RW         2780    .bss                c_w.l(libspace.o)
    0x2000292c   COMPRESSED   0x00000004   PAD
    0x20002930        -       0x00000200   Zero   RW            2    HEAP                startup_stm32f40_41xxx.o
    0x20002b30        -       0x00000400   Zero   RW            1    STACK               startup_stm32f40_41xxx.o


==============================================================================

Image component sizes


      Code (inc. data)   RO Data    RW Data    ZI Data      Debug   Object Name

      4870        126          0         10        412      14936   as608.o
       160          0          0          0          0       2152   delay.o
      1428         90          0         17          0       3103   key.o
        64          4          0          0          0        533   led.o
      2668         98          0        232         20       6357   main.o
       140         24          0          0          0     283331   misc.o
      1374         50       2072       8832          0      11276   oled.o
         2          0          0          0          0        508   printf.o
        56          6          0          0          0        547   relay.o
        64         26        392          0       1536        868   startup_stm32f40_41xxx.o
       240          0          0          0          0       3695   stm32f4xx_gpio.o
        24          0          0          0          0       3608   stm32f4xx_it.o
       328         36          0         16          0       4783   stm32f4xx_rcc.o
       218         28          0          0          0       4411   stm32f4xx_tim.o
       422          8          0          0          0       5028   stm32f4xx_usart.o
       340         32          0          0          0       1661   system_stm32f4xx.o
       144         16          0          0          0       1206   timer.o
       316         34          0          2        800       2876   usart.o
       312         20          0          1        100       2163   usart1.o

    ----------------------------------------------------------------------
     13188        598       2498       9112       2868     353042   Object Totals
         0          0         32          0          0          0   (incl. Generated)
        18          0          2          2          0          0   (incl. Padding)

    ----------------------------------------------------------------------

      Code (inc. data)   RO Data    RW Data    ZI Data      Debug   Library Member Name

       100          0          0          0          0          0   __dclz77c.o
         8          0          0          0          0         68   __main.o
       104          0          0          0          0         84   __printf.o
         0          0          0          0          0          0   __rtentry.o
        12          0          0          0          0          0   __rtentry2.o
         6          0          0          0          0          0   __rtentry4.o
        52          8          0          0          0          0   __scatter.o
        28          0          0          0          0          0   __scatter_zi.o
        28          0          0          0          0         68   _chval.o
        48          6          0          0          0         96   _printf_char_common.o
         6          0          0          0          0          0   _printf_d.o
       120         16          0          0          0         92   _printf_dec.o
       178          0          0          0          0         88   _printf_intcommon.o
         0          0          0          0          0          0   _printf_percent.o
         4          0          0          0          0          0   _printf_percent_end.o
        10          0          0          0          0         68   _sputc.o
       158          0          0          0          0         92   _strtoul.o
        26          0          0          0          0         80   atoi.o
        18          0          0          0          0         80   exit.o
         6          0          0          0          0        152   heapauxi.o
        44         10        272          0          0         76   lc_ctype_c.o
         2          0          0          0          0          0   libinit.o
        24          0          0          0          0          0   libinit2.o
         2          0          0          0          0          0   libshutdown.o
         2          0          0          0          0          0   libshutdown2.o
         8          4          0          0         96         68   libspace.o
        88          0          0          0          0         76   memcmp.o
        40          6          0          0          0         84   noretval__2sprintf.o
        16          4          0          0          0         76   rt_ctype_table.o
         8          4          0          0          0         68   rt_errno_addr_intlibspace.o
         8          4          0          0          0         68   rt_locale_intlibspace.o
        68          0          0          0          0         68   rt_memclr.o
        78          0          0          0          0         80   rt_memclr_w.o
         2          0          0          0          0          0   rtexit.o
        10          0          0          0          0          0   rtexit2.o
       128          0          0          0          0         68   strcmpv7m.o
        72          0          0          0          0         80   strcpy.o
        36          0          0          0          0         80   strstr.o
       112          0          0          0          0         88   strtol.o
        74          0          0          0          0         80   sys_stackheap_outer.o
         2          0          0          0          0         68   use_no_semi.o
        10          0          0          0          0        116   fpinit.o

    ----------------------------------------------------------------------
      1754         62        272          0        100       2212   Library Totals
         8          0          0          0          4          0   (incl. Padding)

    ----------------------------------------------------------------------

      Code (inc. data)   RO Data    RW Data    ZI Data      Debug   Library Name

      1736         62        272          0         96       2096   c_w.l
        10          0          0          0          0        116   fz_wm.l

    ----------------------------------------------------------------------
      1754         62        272          0        100       2212   Library Totals

    ----------------------------------------------------------------------

==============================================================================


      Code (inc. data)   RO Data    RW Data    ZI Data      Debug   

     14942        660       2770       9112       2968     345910   Grand Totals
     14942        660       2770       3452       2968     345910   ELF Image Totals (compressed)
     14942        660       2770       3452          0          0   ROM Totals

==============================================================================

    Total RO  Size (Code + RO Data)                17712 (  17.30kB)
    Total RW  Size (RW Data + ZI Data)             12080 (  11.80kB)
    Total ROM Size (Code + RO Data + RW Data)      21164 (  20.67kB)

==============================================================================

